11-19 10:18:10.689   821 24676 E mm-camera: <ISP   ><ERROR> 523: isp_port_event: failed: isp_port_process_downstream_event
11-19 10:18:10.689   821 24676 E mm-camera: <IFACE ><ERROR> 1544: iface_util_request_stream_mapping_info: iface_util_request_stream_mapping_info:1544 post module msg error
11-19 10:18:10.689   821 24676 E mm-camera: <IFACE ><ERROR> 5885: iface_util_handle_meta_stream_info: iface_util_handle_meta_stream_info:5885 stream mapping req failed, no native buf opt
11-19 10:18:10.690   821 24676 I mm-camera: <MCT   >< INFO> 3674: mct_pipeline_process_set: command=800000a
11-19 10:18:10.692   821 24676 I mm-camera: <MCT   >< INFO> 3674: mct_pipeline_process_set: command=8000018
11-19 10:18:10.692   821 24676 I mm-camera: <MCT   >< INFO> 488: mct_stream_start_link: Start linking preview stream 0x10002
11-19 10:18:10.692   821 24676 I mm-camera: <MCT   >< INFO> 498: mct_stream_start_link: non secure stream linking
11-19 10:18:10.692   821 24676 I mm-camera: <ISP   >< INFO> 801: isp_port_check_caps_reserve: port 0xf17f9fc0 ide 10002 type 1 dim 1280 768
11-19 10:18:10.693   821 24676 I mm-camera: <PPROC >< INFO> 446: pproc_port_add_modules_to_stream: in identity 10002 stream 1 int_link = 0xf19f0a00
11-19 10:18:10.693   821 24676 I mm-camera: <PPROC >< INFO> 458: pproc_port_add_modules_to_stream: :LINK linking mods tmod and cpp for identity 10002
11-19 10:18:10.693   821 24676 I mm-camera: <CPP   >< INFO> 2154: cpp_module_notify_add_stream: :width 1280, height 768, stride 1280, scanline 768, framelen 1495040
11-19 10:18:10.693   821 24676 I mm-camera: <CPP   >< INFO> 2178: cpp_module_notify_add_stream: offset_x 0, offset_y 0, offset 0, meta_len 0,meta_scanline 0, meta_stride 0, plane_len 983040
11-19 10:18:10.693   821 24676 I mm-camera: <CPP   >< INFO> 2178: cpp_module_notify_add_stream: offset_x 0, offset_y 0, offset 0, meta_len 0,meta_scanline 0, meta_stride 0, plane_len 512000
11-19 10:18:10.693   821 24676 I mm-camera: <CPP   >< INFO> 2319: cpp_module_notify_add_stream: : stream 1, fmt 7, asf_mode 0, sharpness_level 0.333333,asf mask 1, denoise 0, denoise_mask 1, dsdn mask 0,dsdn enable 0, tnr mask 0, tnr enable 0, ds_mask 1
11-19 10:18:10.694   821 24676 E mm-camera: <IMGLIB><ERROR> 4525: faceproc_hw_comp_create: Library not loaded, handle=0x0, p_ops=0xe7f3410c
11-19 10:18:10.694   821 24676 I mm-camera: <MCT   >< INFO> 3772: mct_pipeline_process_set: Linking successful for stream 0x10002 stream type=1
11-19 10:18:10.694   821 24676 I mm-camera: <MCT   >< INFO> 3674: mct_pipeline_process_set: command=8000004
11-19 10:18:10.694   821 24676 I mm-camera: <MCT   >< INFO> 3674: mct_pipeline_process_set: command=800000a
11-19 10:18:10.696   821 24676 I mm-camera: <MCT   >< INFO> 3674: mct_pipeline_process_set: command=8000018
11-19 10:18:10.696   821 24676 I mm-camera: <MCT   >< INFO> 581: mct_stream_start_link: Starting Analysis stream linking
11-19 10:18:10.696   821 24676 I mm-camera: <ISP   >< INFO> 801: isp_port_check_caps_reserve: port 0xf17f9fc0 ide 10003 type 11 dim 640 480
11-19 10:18:10.697   821 24676 I mm-camera: <PPROC >< INFO> 446: pproc_port_add_modules_to_stream: in identity 10003 stream 11 int_link = 0xf19f0a00
11-19 10:18:10.697   821 24676 I mm-camera: <MCT   >< INFO> 3772: mct_pipeline_process_set: Linking successful for stream 0x10003 stream type=11
11-19 10:18:10.698   821 24676 I mm-camera: <MCT   >< INFO> 3674: mct_pipeline_process_set: command=8000004
11-19 10:18:10.698   821 24676 I mm-camera: <MCT   >< INFO> 3674: mct_pipeline_process_set: command=8000019
11-19 10:18:10.698   821 24676 I mm-camera: <MCT   >< INFO> 3674: mct_pipeline_process_set: command=8000019
11-19 10:18:10.717   654   734 E libnav  : CablComputeBacklightLevel(): UpdateType = DifferentSceneUpdate
11-19 10:18:10.753   821 24676 I mm-camera: <MCT   >< INFO> 3674: mct_pipeline_process_set: command=8000008
11-19 10:18:10.753   821 24676 I mm-camera: <MCT   >< INFO> 3812: mct_pipeline_process_set:  STREAM-ON on stream 0x10001 stream type=7
11-19 10:18:10.753   821 24676 I mm-camera: <MCT   >< INFO> 3827: mct_pipeline_process_set:  STREAM-ON success for stream 0x10001, stream type=7
11-19 10:18:10.754   821 24676 I mm-camera: <MCT   >< INFO> 3674: mct_pipeline_process_set: command=8000008
11-19 10:18:10.754   821 24676 I mm-camera: <MCT   >< INFO> 3812: mct_pipeline_process_set:  STREAM-ON on stream 0x10002 stream type=1
11-19 10:18:10.754   821 24676 I mm-camera: <SENSOR>< INFO> 3667: sensor_get_resolution_info: sensor info: name: imx214, res: 1, max_fps: 30.000000, w: 4096, h: 2160 op pix clk: 465000000, FLL: 3194, LLPCK: 5008, mode: 1, PDAF support: 0
11-19 10:18:10.755   821 24676 E mm-camera: <STATS_AF ><ERROR> 3167: af_port_handle_sensor_update: Depth_Err: actuator sensitivity: 0.000000 is invalid
11-19 10:18:10.755   821 24676 I mm-camera: <CPP   >< INFO> 1734: cpp_module_handle_stream_cfg_event: frame_offset=2, input_fps=30.00, identity=0x1000f
11-19 10:18:10.755   821 24676 I mm-camera: <CPP   >< INFO> 1734: cpp_module_handle_stream_cfg_event: frame_offset=2, input_fps=30.00, identity=0x10002
11-19 10:18:10.755   821  1230 D QCameraQuadraCfa: int img_algo_preload(img_base_ops_t*, void*):126 : E
11-19 10:18:10.755   821  1230 D QCameraQuadraCfa: static int32_t QCameraQuadraCfa::PresetConfig(img_base_ops_t*, void*):495 : E
11-19 10:18:10.755   821  1230 D QCameraQuadraCfa: static int32_t QCameraQuadraCfa::PresetConfig(img_base_ops_t*, void*):497 : custom_cal_data  0
11-19 10:18:10.755   821  1230 D QCameraQuadraCfa: static int32_t QCameraQuadraCfa::PresetConfig(img_base_ops_t*, void*):498 : full_height  c30
11-19 10:18:10.755   821  1230 D QCameraQuadraCfa: static int32_t QCameraQuadraCfa::PresetConfig(img_base_ops_t*, void*):499 : full_width  1070
11-19 10:18:10.755   821  1230 D QCameraQuadraCfa: static int32_t QCameraQuadraCfa::PresetConfig(img_base_ops_t*, void*):500 : filter_arrangement  3
11-19 10:18:10.755   821  1230 D QCameraQuadraCfa: static int32_t QCameraQuadraCfa::PresetConfig(img_base_ops_t*, void*):501 : pedestal  40
11-19 10:18:10.755   821  1230 E quadracfa_dummy: inside dummy remosaic_init 1
11-19 10:18:10.755   821  1230 E quadracfa_dummy: inside dummy remosaic_gainmap_gen 1
11-19 10:18:10.755   821  1230 D QCameraQuadraCfa: static int32_t QCameraQuadraCfa::PresetConfig(img_base_ops_t*, void*):515 : X
11-19 10:18:10.755   821  1230 D QCameraQuadraCfa: int img_algo_preload(img_base_ops_t*, void*):128 : X
11-19 10:18:10.759   821 24676 I mm-camera: <IFACE >< INFO> 409: iface_util_dump_sensor_cfg: iface_util_dump_sensor_cfg: sensor dim: width = 4096, heght = 2160, fmt = 30, is_bayer = 1, init_skip = 1
11-19 10:18:10.759   821 24672 I mm-camera: <STATS_AF >< INFO> 1277: af_haf_update_tuning_data: Setting default init pos to far end
11-19 10:18:10.763   821 24676 E mm-camera: <IFACE ><ERROR> 4075: iface_util_set_hw_stream_config_pix: iface_util_set_hw_stream_config_pix: Assigned vfe 1 intf 0 for related cam type 1
11-19 10:18:10.763   821 24676 I mm-camera: <IFACE >< INFO> 3573: iface_util_dump_isp_resource_request:  =====DUMP RESOURCE: PIX STREAM=== 
11-19 10:18:10.763   821 24676 I mm-camera: <IFACE >< INFO> 3574: iface_util_dump_isp_resource_request: num pix stream = 1
11-19 10:18:10.763   821 24676 I mm-camera: <IFACE >< INFO> 3577: iface_util_dump_isp_resource_request: num_isp = 1, isp_mask = 2, request_op_pix_clk = 0
11-19 10:18:10.763   821 24676 I mm-camera: <IFACE >< INFO> 3581: iface_util_dump_isp_resource_request: ispif stripe info: split 0, overlap 0, stripe offset 0
11-19 10:18:10.763   821 24676 I mm-camera: <IFACE >< INFO> 3584: iface_util_dump_isp_resource_request: pix stream 0
11-19 10:18:10.763   821 24676 I mm-camera: <IFACE >< INFO> 3587: iface_util_dump_isp_resource_request: num mct stream mapped = 2(Mapped stream ID[0] = 2)
11-19 10:18:10.763   821 24676 I mm-camera: <IFACE >< INFO> 3590: iface_util_dump_isp_resource_request: axi path = 1(ENC-0/VIEW-1/CAMIF-2/IDEAL-3), cam_fmt 7
11-19 10:18:10.763   821 24676 I mm-camera: <IFACE >< INFO> 3612: iface_util_dump_isp_resource_request: num STATS stream = 5
11-19 10:18:10.763   821 24676 I mm-camera: <CPP   >< INFO> 865: cpp_module_handle_isp_out_dim_event: [STREAM_PARAMS]  stream type 1, width 1456, height 768,stride 1472, scanline 768, planes 2
11-19 10:18:10.763   821 24676 I mm-camera: <CPP   >< INFO> 884: cpp_module_handle_isp_out_dim_event: [STREAM_PARAMS] plane 0, stride 1472, scanline 768, offset_x 0, offset_y 0, len 1130496, offset:0
11-19 10:18:10.763   821 24676 I mm-camera: <CPP   >< INFO> 884: cpp_module_handle_isp_out_dim_event: [STREAM_PARAMS] plane 1, stride 1472, scanline 768, offset_x 0, offset_y 0, len 565248, offset:0
11-19 10:18:10.766   821 24676 I mm-camera: <IFACE >< INFO> 8887: iface_util_dump_camif_cfg: =====Camif DUMP cfg for PIX interface====
11-19 10:18:10.766   821 24676 I mm-camera: <IFACE >< INFO> 8889: iface_util_dump_camif_cfg: camif input type = 3(MIPI=3), op_pix_clk = 465000000
11-19 10:18:10.766   821 24676 I mm-camera: <IFACE >< INFO> 8891: iface_util_dump_camif_cfg: camif pix_pattern(RGRG-0/GRGR-1/BGBG-2/GBGB-3) = 0
11-19 10:18:10.766   821 24676 I mm-camera: <IFACE >< INFO> 8893: iface_util_dump_camif_cfg: camif first_pix = 0, last_pix = 4095
11-19 10:18:10.766   821 24676 I mm-camera: <IFACE >< INFO> 8895: iface_util_dump_camif_cfg: camif first_line = 0, last_line = 2159
11-19 10:18:10.766   821 24676 I mm-camera: <IFACE >< INFO> 8897: iface_util_dump_camif_cfg: camif pixels_per_line = 4096, lines_per_frame = 2160
11-19 10:18:10.766   821 24676 I mm-camera: <IFACE >< INFO> 8901: iface_util_dump_camif_cfg: camif irq subsample pattern = 0, period = 0 sof_step 1
11-19 10:18:10.767   821 24698 I mm-camera: <IFACE >< INFO> 549: iface_dump_axi_plane_config: === AXI DUMP: VFE session_id 1, hw_stream_id 10002 ===
11-19 10:18:10.767   821 24698 I mm-camera: <IFACE >< INFO> 553: iface_dump_axi_plane_config:     AXI DUMP Axi_src: VIEWFINDER hw_stream width 1456, height 768
11-19 10:18:10.767   821 24698 I mm-camera: <IFACE >< INFO> 555: iface_dump_axi_plane_config: need buf divert = 1, burst count = 0
11-19 10:18:10.767   821 24698 I mm-camera: <IFACE >< INFO> 558: iface_dump_axi_plane_config: hfr mode = 0, skip pattern = 0, init_frame_drop = 1
11-19 10:18:10.767   821 24698 I mm-camera: <IFACE >< INFO> 591: iface_dump_axi_plane_config: plane[0]: plane_fmt 0(Y-0/CB-1/Cr-2/CrCb-3/CbCr-4)
11-19 10:18:10.767   821 24698 I mm-camera: <IFACE >< INFO> 593: iface_dump_axi_plane_config: plane[0]: width = 1456, height = 768
11-19 10:18:10.767   821 24698 I mm-camera: <IFACE >< INFO> 595: iface_dump_axi_plane_config: plane[0]: stride = 1472, scanlines = 768
11-19 10:18:10.767   821 24698 I mm-camera: <IFACE >< INFO> 597: iface_dump_axi_plane_config: plane[0]: address_offset 0
11-19 10:18:10.767   821 24698 I mm-camera: <IFACE >< INFO> 591: iface_dump_axi_plane_config: plane[1]: plane_fmt 4(Y-0/CB-1/Cr-2/CrCb-3/CbCr-4)
11-19 10:18:10.767   821 24698 I mm-camera: <IFACE >< INFO> 593: iface_dump_axi_plane_config: plane[1]: width = 1456, height = 384
11-19 10:18:10.767   821 24698 I mm-camera: <IFACE >< INFO> 595: iface_dump_axi_plane_config: plane[1]: stride = 1472, scanlines = 384
11-19 10:18:10.767   821 24698 I mm-camera: <IFACE >< INFO> 597: iface_dump_axi_plane_config: plane[1]: address_offset 0
11-19 10:18:10.771   821 24676 I mm-camera: <IFACE >< INFO> 1562: iface_streamon_to_thread: iface_streamon_to_thread: E, session id = 1, user stream id = 2
11-19 10:18:10.771   821 24659 I mm-camera: <IFACE >< INFO> 1907: iface_streamon: E, session_id 1 mct_stream_id = 2
11-19 10:18:10.771   821 24659 I mm-camera: <IFACE >< INFO> 10970: iface_util_get_user_streams_by_bundle: got No.1 bundled streamon, mct stream id 2total bundled stream num = 2
11-19 10:18:10.771   821 24676 I mm-camera: <ISP   >< INFO> 3632: mesh_rolloff40_normalize_table: full 4096 2160 out 4096 2160 offset 0 0 scale 1
11-19 10:18:10.777   821 24673 I mm-camera: <ISP   >< INFO> 90: rs_stats44_stats_config_update: warning: max_support_h_rgn invalid 8
11-19 10:18:10.777   821 24676 I mm-camera: <CPP   >< INFO> 3836: cpp_module_handle_streamon_event: identity=0x10002, stream-on done
11-19 10:18:10.777   821 24676 I mm-camera: <IFACE >< INFO> 1593: iface_streamon_to_thread: iface_streamon_to_thread: X, session id = 1, user stream id = 2
11-19 10:18:10.778   821 24676 I mm-camera: <MCT   >< INFO> 154: start_sof_check_thread: Starting SOF timeout thread session id =1
11-19 10:18:10.778   821 24663 I mm-camera: <CPP   >< INFO> 359: cpp_hardware_set_clock: Set clock 100000000 BW avg 106831872 BW inst 106831872
11-19 10:18:10.779   821 24676 I mm-camera: <MCT   >< INFO> 3827: mct_pipeline_process_set:  STREAM-ON success for stream 0x10002, stream type=1
11-19 10:18:10.779   821 24676 I mm-camera: <MCT   >< INFO> 3674: mct_pipeline_process_set: command=8000008
11-19 10:18:10.779   821 24676 I mm-camera: <MCT   >< INFO> 3812: mct_pipeline_process_set:  STREAM-ON on stream 0x10003 stream type=11
11-19 10:18:10.779   821 24676 I mm-camera: <IFACE >< INFO> 1562: iface_streamon_to_thread: iface_streamon_to_thread: E, session id = 1, user stream id = 3
11-19 10:18:10.780   821 24659 I mm-camera: <IFACE >< INFO> 1907: iface_streamon: E, session_id 1 mct_stream_id = 3
11-19 10:18:10.780   821 24659 I mm-camera: <IFACE >< INFO> 10964: iface_util_get_user_streams_by_bundle: streamon, got all bundled streamon!
11-19 10:18:10.783   821 24673 I mm-camera: <ISP   >< INFO> 90: rs_stats44_stats_config_update: warning: max_support_h_rgn invalid 8
11-19 10:18:10.783   821 24676 E mm-camera: <IMGLIB><ERROR> 396: faceproc_comp_get_param: faceproc_comp_get_param:396] Error type 520
11-19 10:18:10.783   821 24676 E mm-camera: <IMGLIB><ERROR> 1701: faceproc_sw_wrapper_get_config: Null pointer p_handle=0x0, p_config=0xe9d7e64c
11-19 10:18:10.783   821 24676 E mm-camera: <IMGLIB><ERROR> 318: faceproc_comp_set_param: Error param=521
11-19 10:18:10.783   821 24676 E mm-camera: <IMGLIB><ERROR> 3396: module_faceproc_client_exec: rc -4
11-19 10:18:10.789   821 24676 I mm-camera: <ISP   >< INFO> 451: be_stats44_trigger_update: warning: Denomitor is zero hnum 0 vnum 0
11-19 10:18:10.790   821 24676 I mm-camera: <ISP   >< INFO> 531: isp_pipeline42_create_module_cfg_mask: invalid module id 42
11-19 10:18:10.812   821 24659 I mm-camera: <IFACE >< INFO> 2173: iface_streamon: X
11-19 10:18:10.812   821 24676 I mm-camera: <IFACE >< INFO> 1593: iface_streamon_to_thread: iface_streamon_to_thread: X, session id = 1, user stream id = 3
11-19 10:18:10.813   821 24676 I mm-camera: <MCT   >< INFO> 3827: mct_pipeline_process_set:  STREAM-ON success for stream 0x10003, stream type=11
11-19 10:18:10.813  7034 24683 I QTI PowerHAL: Got process_video_encode_hint
11-19 10:18:10.814   492  2455 E ANDR-PERF-MPCTL: Invalid profile no. 0, total profiles 0 only
11-19 10:18:10.814  7034 24683 E QCamera3HWI: CAM_DEBUG: Setting compensation:0
11-19 10:18:10.820   821 24697 I mm-camera: <ISP   >< INFO> 1260: isp_handler_module_handle_reg_update:  Warning! Invalid reg_update state 0
11-19 10:18:10.821  2011  2011 D PhoneStatusBar: hiding the MENU button
11-19 10:18:10.827  2011  2011 D PhoneStatusBar: hiding the MENU button
11-19 10:18:10.828  1497  1575 D ActivityTrigger: ActivityTrigger activityStopTrigger 
11-19 10:18:10.831 24604 24604 V Activity: onSaveInstanceState com.zzw.live.MainActivity@4c1f0d: Bundle[{android:viewHierarchyState=Bundle[{android:views={16908290=android.view.AbsSavedState$1@80c2073, 2131165191=android.support.v7.widget.Toolbar$SavedState@aff0b30, 2131165193=android.view.AbsSavedState$1@80c2073, 2131165199=android.view.AbsSavedState$1@80c2073, 2131165229=android.view.AbsSavedState$1@80c2073, 2131165272=android.view.AbsSavedState$1@80c2073, 2131165276=android.view.AbsSavedState$1@80c2073}}], android:fragments=android.app.FragmentManagerState@b2093a9}]
11-19 10:18:10.832 24604 24604 V Activity: onStop com.zzw.live.MainActivity@4c1f0d
11-19 10:18:10.838  2011  2011 D PhoneStatusBar: hiding the MENU button
11-19 10:18:10.877   821 24663 I mm-camera: <CPP   >< INFO> 359: cpp_hardware_set_clock: Set clock 100000000 BW avg 106831872 BW inst 106831872
11-19 10:18:10.888   821 24668 I mm-camera: <ISP   >< INFO> 451: be_stats44_trigger_update: warning: Denomitor is zero hnum 0 vnum 0
11-19 10:18:10.888   821 24668 I mm-camera: <ISP   >< INFO> 230: ihist_stats44_stats_config_validate: warning: Invalid IHIST ROI from 3A 0 0 0 0
11-19 10:18:10.888   821 24678 E mm-camera: <STATS_AF ><ERROR> 5152: af_port_handle_set_focus_manual_pos_evt: not in CAM_FOCUS_MODE_OFF(Manual) mode,           ignore the settings
11-19 10:18:10.915   821 24670 E mm-camera: <ERROR> 831: dmlroc_init: dmlroc_init cfg: camif 2160x4096, elem 90x128, thres 0.001600, accur 8
11-19 10:18:10.916   821 24670 E mm-camera: <ERROR> 832: dmlroc_init: dmlroc_init cfg: offsetH 0, offsetV 0
11-19 10:18:10.916   821 24670 E mm-camera: <ERROR> 833: dmlroc_init: dmlroc_init mesh: rxc 10x13, subs 8, hxw 30x30, offset vert 0, horz 64
11-19 10:18:10.928  2011  2011 D NetworkController.WifiSignalController: Change in state from: connected=true,enabled=true,level=4,inetCondition=1,iconGroup=IconGroup(Wi-Fi Icons),activityIn=true,activityOut=true,rssi=-42,lastModified=11-19 10:18:09,ssid="gyt"
11-19 10:18:10.928  2011  2011 D NetworkController.WifiSignalController: 	to: connected=true,enabled=true,level=4,inetCondition=1,iconGroup=IconGroup(Wi-Fi Icons),activityIn=false,activityOut=false,rssi=-42,lastModified=11-19 10:18:09,ssid="gyt"
11-19 10:18:10.929  2011  2011 D WifiSignalController: notifyListeners visibleWhenEnabled=false wifiVisible=true
11-19 10:18:10.929  2011  2011 D HyteraStatusBarWifiView: setWifiIndicators mWifiVisible=true
11-19 10:18:10.929  2011  2011 D wifiview: HyteraStatusBarWifiView apply() NrmUtils.hideWlanMenu()=false
11-19 10:18:10.930  1497  4530 I PackageManager:  checkUidPermission permName = android.permission.STATUS_BAR ; uid = 10035
11-19 10:18:10.931  1497  2762 I PackageManager:  checkUidPermission permName = android.permission.STATUS_BAR ; uid = 10035
11-19 10:18:10.934  1497  2771 I PackageManager:  checkUidPermission permName = android.permission.ACCESS_WIFI_STATE ; uid = 10035
11-19 10:18:10.935  2011  2011 D WifiTile: setWifiIndicators enabled=true oldWifiEnable=true description="gyt" connectedString="gyt" getWifiState=3 needshow=false mEnable=false
11-19 10:18:10.939  1497  2589 I PackageManager:  checkUidPermission permName = android.permission.ACCESS_WIFI_STATE ; uid = 10035
11-19 10:18:10.939  2011  2011 D WifiTile: setWifiIndicators enabled=true oldWifiEnable=true description="gyt" connectedString="gyt" getWifiState=3 needshow=false mEnable=false
11-19 10:18:10.940  1497  2655 I PackageManager:  checkUidPermission permName = android.permission.ACCESS_WIFI_STATE ; uid = 10035
11-19 10:18:10.940  2011  2011 D WifiTile: setWifiIndicators enabled=true oldWifiEnable=true description="gyt" connectedString="gyt" getWifiState=3 needshow=false mEnable=false
11-19 10:18:10.940  2011  2011 D PhoneStatusBar: ~~~~~~~~~~setIcon slot=wifi
11-19 10:18:10.941  2011  2011 D StatusBarIconController: applyIconTint
11-19 10:18:10.941  2011  2011 D SignalClusterView: setIconTint changed=false
11-19 10:18:10.954 24604 24647 W GLConsumer: [SurfaceTexture-2-24604-0] bindTextureImage: clearing GL error: 0x500
11-19 10:18:10.993   821 24678 I mm-camera: <MCT   >< INFO> 2395: mct_stream_process_bus_msg: Request on frame id 6 to delay metadata for 1 frame(s)
11-19 10:18:11.055   821 24678 I mm-camera: <MCT   >< INFO> 871: mct_controller_send_superparam: Bypass super-param settings on this frame
11-19 10:18:11.059   821 24668 I mm-camera: <IFACE >< INFO> 1971: iface_util_cds_request_done: <cds_dbg> isp cds updating, enable = 0
11-19 10:18:11.059   821 24668 I mm-camera: <IFACE >< INFO> 1378: iface_handle_cds_request_to_thread: <cds_dbg2> EXECUTE AXI updating!! curr enb = 0, request enb = 1
11-19 10:18:11.059   821 24659 I mm-camera: <IFACE >< INFO> 329: iface_session_thread_proc_cmd: <cds_dbg> cds wait KERNEL......
11-19 10:18:11.104  2011  2011 D BatteryMeterDrawable: draw level=100 tracker.plugged=false
11-19 10:18:11.104  2011  2011 D BatteryMeterDrawable: [battery shape] mButtonFrame(24.0,4.2,26.2,12.12
11-19 10:18:11.104  2011  2011 D BatteryMeterDrawable: [battery shape] mFrame(0.20000005,0.20000005,23.88,16.12
11-19 10:18:11.104  2011  2011 D BatteryMeterDrawable: 111battery draw charging=true
11-19 10:18:11.169   654   734 E libnav  : CablComputeBacklightLevel(): UpdateType = DifferentSceneUpdate
11-19 10:18:11.188   821 24659 I mm-camera: <IFACE >< INFO> 339: iface_session_thread_proc_cmd: <cds_dbg> cds wait KERNEL done!
11-19 10:18:11.236   654   734 E libnav  : CablComputeBacklightLevel(): UpdateType = DifferentSceneUpdate
11-19 10:18:11.368   916   916 I MSM-irqbalance: Decided to move IRQ3 from CPU0 [P:0] to CPU4 [P:1] (banned)
11-19 10:18:11.370   916   916 I MSM-irqbalance: Decided to move IRQ5 from CPU0 [P:0] to CPU6 [P:1] (banned)
11-19 10:18:11.372   916   916 I MSM-irqbalance: Decided to move IRQ5 from CPU3 [P:0] to CPU5 [P:1] (banned)
11-19 10:18:11.373   916   916 I MSM-irqbalance: Decided to move IRQ5 from CPU2 [P:0] to CPU7 [P:1] (banned)
11-19 10:18:11.374   916   916 I MSM-irqbalance: Decided to move IRQ5 from CPU1 [P:0] to CPU4 [P:1] (banned)
11-19 10:18:11.376   916   916 I MSM-irqbalance: Decided to move IRQ3 from CPU1 [P:0] to CPU6 [P:1] (banned)
11-19 10:18:11.402   654   734 E libnav  : CablComputeBacklightLevel(): UpdateType = DifferentSceneUpdate
11-19 10:18:11.501  1395  1462 W XTCC-5.1.0.23-d: [CS-RIL-LISTENER] timerCallback fired for ril update registering, re-register
11-19 10:18:11.518   769   888 D CONNECTIVITY: RIL_onUnsolicitedResponse()
11-19 10:18:11.519  1497  1726 E DSPRil  : processResponse RESPONSE_UNSOLICITED
11-19 10:18:11.519  1497  1726 E DSPRil  : processUnsolicited response=1241
11-19 10:18:11.520  1497  1726 V DSPRil  : processUnsolicited parcel12
11-19 10:18:11.520  1497  1726 V DSPRil  : UNSOL_HRCPP_Request_Common_Get_LocationBaseStationInfo
11-19 10:18:11.520  1497  1721 V GPSManagerService: EVENT_HRCPP_Get_LocationBaseStationInfo Operation:2
11-19 10:18:11.520  1497  1726 V DSPRil  : response1241ret:2
11-19 10:18:11.520  1497  1721 V GPSManagerService: HRCPP_Get_LocationBaseStationInfo
11-19 10:18:11.524  1497  1497 W LocationToNB: hff: isGnssOpen=true
11-19 10:18:11.526  1497  1497 D hytera  : called me: java.lang.Throwable
11-19 10:18:11.526  1497  1497 D hytera  : 	at android.location.LocationManager.requestLocationUpdates(LocationManager.java:470)
11-19 10:18:11.526  1497  1497 D hytera  : 	at com.android.server.locationtonb.LocationToNBService$1.HRCPP_Get_LocationBaseStationInfo(LocationToNBService.java:414)
11-19 10:18:11.526  1497  1497 D hytera  : 	at android.dsp.proxy.GPSManager$GpsManagerListenerTransport._handleMessage(GPSManager.java:116)
11-19 10:18:11.526  1497  1497 D hytera  : 	at android.dsp.proxy.GPSManager$GpsManagerListenerTransport.-wrap0(GPSManager.java)
11-19 10:18:11.526  1497  1497 D hytera  : 	at android.dsp.proxy.GPSManager$GpsManagerListenerTransport$2.handleMessage(GPSManager.java:69)
11-19 10:18:11.526  1497  1497 D hytera  : 	at android.os.Handler.dispatchMessage(Handler.java:102)
11-19 10:18:11.526  1497  1497 D hytera  : 	at android.os.Looper.loop(Looper.java:154)
11-19 10:18:11.526  1497  1497 D hytera  : 	at com.android.server.SystemServer.run(SystemServer.java:379)
11-19 10:18:11.526  1497  1497 D hytera  : 	at com.android.server.SystemServer.main(SystemServer.java:246)
11-19 10:18:11.526  1497  1497 D hytera  : 	at java.lang.reflect.Method.invoke(Native Method)
11-19 10:18:11.526  1497  1497 D hytera  : 	at com.android.internal.os.ZygoteInit$MethodAndArgsCaller.run(ZygoteInit.java:889)
11-19 10:18:11.526  1497  1497 D hytera  : 	at com.android.internal.os.ZygoteInit.main(ZygoteInit.java:779)
11-19 10:18:11.530  1497 30584 I PackageManager:  checkUidPermission permName = android.permission.READ_PHONE_STATE ; uid = 10022
11-19 10:18:11.531  1497  2619 I PackageManager:  checkUidPermission permName = android.permission.WRITE_EXTERNAL_STORAGE ; uid = 10022
11-19 10:18:11.532  1497 22533 I PackageManager:  checkUidPermission permName = android.permission.ACCESS_COARSE_LOCATION ; uid = 10022
11-19 10:18:11.534  1497  2765 I PackageManager:  checkUidPermission permName = android.permission.ACCESS_FINE_LOCATION ; uid = 10022
11-19 10:18:11.535  2858  2858 I NLP     : 百度SDK响应值为：0
11-19 10:18:11.536  1497 27286 I PackageManager:  checkUidPermission permName = android.permission.ACCESS_NETWORK_STATE ; uid = 10022
11-19 10:18:11.537 20340 20372 I USBService: send udp to check mobileagent state.
11-19 10:18:11.538 20340 20374 I ===Mrcp===: sending cmd:276
11-19 10:18:11.540 20340 20509 I USBService: command is : [277] 
11-19 10:18:11.541 20340 20509 I USBService: res:-131070 res2:2 opt:-2
11-19 10:18:11.541 20340 20509 I USBService: 	 mobileagent state:-2. 
11-19 10:18:11.541  1497 21506 I PackageManager:  checkUidPermission permName = android.permission.ACCESS_WIFI_STATE ; uid = 10022
11-19 10:18:11.541 20340 20372 I USBService: get mobileagent state 1 and current mobileagent state 1 and usb state of connection true
11-19 10:18:11.542  2858  3019 D NLPLOC  : wifi connect scan time < 360S
11-19 10:18:11.553  1497  2656 I PackageManager:  checkUidPermission permName = android.permission.ACCESS_FINE_LOCATION ; uid = 10022
11-19 10:18:11.554  1497  2352 I PackageManager:  checkUidPermission permName = android.permission.UPDATE_APP_OPS_STATS ; uid = 1001
11-19 10:18:11.555  1497 17015 I PackageManager:  checkUidPermission permName = android.permission.INTERACT_ACROSS_USERS ; uid = 1001
11-19 10:18:11.556  1497 17015 I PackageManager:  checkUidPermission permName = android.permission.MANAGE_USERS ; uid = 1001
11-19 10:18:11.560  1497  1973 I PackageManager:  checkUidPermission permName = android.permission.WAKE_LOCK ; uid = 1001
11-19 10:18:11.560  1497  1973 D PowerManagerService: acquireWakeLockInternal: lock=45800193, flags=0x1, tag="RILJ", ws=null, uid=1001, pid=2189
11-19 10:18:11.573  1497  2769 I PackageManager:  checkUidPermission permName = android.permission.WAKE_LOCK ; uid = 1001
11-19 10:18:11.580  1497  2203 I PackageManager:  checkUidPermission permName = android.permission.ACCESS_FINE_LOCATION ; uid = 10022
11-19 10:18:11.581  1497  2621 I PackageManager:  checkUidPermission permName = android.permission.UPDATE_APP_OPS_STATS ; uid = 1001
11-19 10:18:11.581  1497  2038 I PackageManager:  checkUidPermission permName = android.permission.INTERACT_ACROSS_USERS ; uid = 1001
11-19 10:18:11.581  1497  2038 I PackageManager:  checkUidPermission permName = android.permission.MANAGE_USERS ; uid = 1001
11-19 10:18:11.583  2858  3019 I NLPLOC  : cell sim2 == null
11-19 10:18:11.583  2858  3019 I NLPLOC  : all cell is no valid
11-19 10:18:11.585  1497  1529 I PackageManager:  checkUidPermission permName = android.permission.ACCESS_WIFI_STATE ; uid = 10022
11-19 10:18:11.585  1497  1529 I PackageManager:  checkUidPermission permName = android.permission.PEERS_MAC_ADDRESS ; uid = 10022
11-19 10:18:11.585  1497  1529 I PackageManager:  checkUidPermission permName = android.permission.INTERACT_ACROSS_USERS_FULL ; uid = 10022
11-19 10:18:11.586  1497  1529 I PackageManager:  checkUidPermission permName = android.permission.ACCESS_FINE_LOCATION ; uid = 10022
11-19 10:18:11.590  2858  3019 D NLPLOC  : start network locating ...false  false
11-19 10:18:11.590  2858  3019 D NLP_STA : network locating ...false  false
11-19 10:18:11.599  1497  5623 I PackageManager:  checkUidPermission permName = android.permission.ACCESS_FINE_LOCATION ; uid = 10022
11-19 10:18:11.599  1497  2735 I PackageManager:  checkUidPermission permName = android.permission.UPDATE_APP_OPS_STATS ; uid = 1001
11-19 10:18:11.600  1497  1528 I PackageManager:  checkUidPermission permName = android.permission.INTERACT_ACROSS_USERS ; uid = 1001
11-19 10:18:11.600  1497  1528 I PackageManager:  checkUidPermission permName = android.permission.MANAGE_USERS ; uid = 1001
11-19 10:18:11.603  1497 19281 I PackageManager:  checkUidPermission permName = android.permission.ACCESS_FINE_LOCATION ; uid = 10022
11-19 10:18:11.604  1497  2590 I PackageManager:  checkUidPermission permName = android.permission.UPDATE_APP_OPS_STATS ; uid = 1001
11-19 10:18:11.606  1497  2204 I PackageManager:  checkUidPermission permName = android.permission.INTERACT_ACROSS_USERS ; uid = 1001
11-19 10:18:11.606  1497  2204 I PackageManager:  checkUidPermission permName = android.permission.MANAGE_USERS ; uid = 1001
11-19 10:18:11.609  2858  3019 I NLPLOC  : cell sim2 == null
11-19 10:18:11.609  2858  3019 I NLPLOC  : all cell is no valid
11-19 10:18:11.610  1497 13361 I PackageManager:  checkUidPermission permName = android.permission.ACCESS_NETWORK_STATE ; uid = 10022
11-19 10:18:11.612  1497  2649 I PackageManager:  checkUidPermission permName = android.permission.ACCESS_WIFI_STATE ; uid = 10022
11-19 10:18:11.613  1497  2649 I PackageManager:  checkUidPermission permName = android.permission.LOCAL_MAC_ADDRESS ; uid = 10022
11-19 10:18:11.617  1497 23903 I PackageManager:  checkUidPermission permName = android.permission.ACCESS_FINE_LOCATION ; uid = 10022
11-19 10:18:11.618  1497  4530 I PackageManager:  checkUidPermission permName = android.permission.UPDATE_APP_OPS_STATS ; uid = 1001
11-19 10:18:11.619  1497  2762 I PackageManager:  checkUidPermission permName = android.permission.INTERACT_ACROSS_USERS ; uid = 1001
11-19 10:18:11.619  1497  2762 I PackageManager:  checkUidPermission permName = android.permission.MANAGE_USERS ; uid = 1001
11-19 10:18:11.621  2011  2011 D BatteryMeterDrawable: draw level=100 tracker.plugged=false
11-19 10:18:11.621  2011  2011 D BatteryMeterDrawable: [battery shape] mButtonFrame(24.0,4.2,26.2,12.12
11-19 10:18:11.621  2011  2011 D BatteryMeterDrawable: [battery shape] mFrame(0.20000005,0.20000005,23.88,16.12
11-19 10:18:11.621  2011  2011 D BatteryMeterDrawable: 111battery draw charging=true
11-19 10:18:11.630 20340 20369 I ===DaemonService===: ############## Rotation : 0
11-19 10:18:11.630 20340 20369 I ===DaemonService===: ScreenOrientationThread:0 screentOrientation:0
11-19 10:18:11.630 20340 20367 I ===APKProtocolTransmit===: Ready send su-cmd:275
11-19 10:18:11.630 20340 20367 I ===APKProtocolTransmit===: Start send su-cmd:275 length[14]
11-19 10:18:11.630 20340 20367 I ===APKProtocolTransmit===: Will write content:the C socket has not been connected,so dicard the send command:[275]
11-19 10:18:11.631 20340 20367 I ===APKProtocolTransmit===: End send sb-cmd:275
11-19 10:18:11.634  2858 24705 D NLPLOC  : upDataStr = :null
11-19 10:18:11.702  2858 24705 W NLPLOC  : https NetworkCommunicationException!
11-19 10:18:11.724  1497 30584 I PackageManager:  checkUidPermission permName = android.permission.ACCESS_NETWORK_STATE ; uid = 10022
11-19 10:18:11.735  2858  2858 E NLP     : Location result:[location failed by Baidu], reason:[location type =67]
11-19 10:18:11.736  2858  2858 E NLP     : NetworkLocation Exception: offlinelocationfail exception
11-19 10:18:11.931  2011  2011 D NetworkController.WifiSignalController: Change in state from: connected=true,enabled=true,level=4,inetCondition=1,iconGroup=IconGroup(Wi-Fi Icons),activityIn=false,activityOut=false,rssi=-42,lastModified=11-19 10:18:10,ssid="gyt"
11-19 10:18:11.931  2011  2011 D NetworkController.WifiSignalController: 	to: connected=true,enabled=true,level=4,inetCondition=1,iconGroup=IconGroup(Wi-Fi Icons),activityIn=true,activityOut=true,rssi=-42,lastModified=11-19 10:18:10,ssid="gyt"
11-19 10:18:11.931  2011  2011 D WifiSignalController: notifyListeners visibleWhenEnabled=false wifiVisible=true
11-19 10:18:11.932  2011  2011 D HyteraStatusBarWifiView: setWifiIndicators mWifiVisible=true
11-19 10:18:11.932  2011  2011 D wifiview: HyteraStatusBarWifiView apply() NrmUtils.hideWlanMenu()=false
11-19 10:18:11.932  1497  2619 I PackageManager:  checkUidPermission permName = android.permission.STATUS_BAR ; uid = 10035
11-19 10:18:11.937  1497 22533 I PackageManager:  checkUidPermission permName = android.permission.STATUS_BAR ; uid = 10035
11-19 10:18:11.940  1497  2765 I PackageManager:  checkUidPermission permName = android.permission.ACCESS_WIFI_STATE ; uid = 10035
11-19 10:18:11.940  2011  2011 D WifiTile: setWifiIndicators enabled=true oldWifiEnable=true description="gyt" connectedString="gyt" getWifiState=3 needshow=false mEnable=false
11-19 10:18:11.942  1497 27286 I PackageManager:  checkUidPermission permName = android.permission.ACCESS_WIFI_STATE ; uid = 10035
11-19 10:18:11.943  2011  2011 D WifiTile: setWifiIndicators enabled=true oldWifiEnable=true description="gyt" connectedString="gyt" getWifiState=3 needshow=false mEnable=false
11-19 10:18:11.943  1497 21506 I PackageManager:  checkUidPermission permName = android.permission.ACCESS_WIFI_STATE ; uid = 10035
11-19 10:18:11.944  2011  2011 D WifiTile: setWifiIndicators enabled=true oldWifiEnable=true description="gyt" connectedString="gyt" getWifiState=3 needshow=false mEnable=false
11-19 10:18:11.944  2011  2011 D PhoneStatusBar: ~~~~~~~~~~setIcon slot=wifi
11-19 10:18:11.944  2011  2011 D StatusBarIconController: applyIconTint
11-19 10:18:11.945  2011  2011 D SignalClusterView: setIconTint changed=false
11-19 10:18:11.962  1497  1844 D InputDispatcher:   Pointer 0: id=0, toolType=1, x=249.480255, y=753.058716, action=0x0
11-19 10:18:11.963  2011  2011 D PhoneStatusBar: getCalloutClockState() mCalloutLockState=false
11-19 10:18:11.964  1497  2656 I PackageManager:  checkUidPermission permName = android.permission.REAL_GET_TASKS ; uid = 10035
11-19 10:18:11.965  2011  2011 D StatusBarWindowView: dispatchTouchEvent event =ACTION_OUTSIDE isNotificationPanelViewLocked=false getCalloutClockState=false getTaskTopAPP=false isOccluded=false mService.getBarState()=0 unLockSuccess=false
11-19 10:18:11.966  1497  2352 I PackageManager:  checkUidPermission permName = android.permission.REAL_GET_TASKS ; uid = 10035
11-19 10:18:11.967  2011  2011 D PhoneStatusBar: getCalloutClockState() mCalloutLockState=false
11-19 10:18:11.967  2011  2011 D StatusBarWindowView: dispatchTouchEvent StatusBarState.SHADE--false
11-19 10:18:11.968  2011  2011 D PhoneStatusBar: getCalloutClockState() mCalloutLockState=false
11-19 10:18:11.968  2011  2011 D PhoneStatusBar: mStatusBarWindow  onTouch  ,mExpandedVisible:false
11-19 10:18:11.968  2011  2011 D StatusBarWindowView: onTouchEvent
11-19 10:18:11.968  2011  2011 D StatusBarWindowView: onTouchEvent handled=false
11-19 10:18:11.969  2011  2011 D StatusBarWindowView: onTouchEvent
11-19 10:18:11.970  2011  2011 D StatusBarWindowView: onTouchEvent handled=false
11-19 10:18:12.038  1497  1844 D InputDispatcher:   Pointer 0: id=0, toolType=1, x=249.480255, y=753.058716, action=0x1
11-19 10:18:12.050 24604 24604 E zzz     : id = 1
11-19 10:18:12.083   797 10845 I MediaPlayerService: MediaPlayerService::getOMX
11-19 10:18:12.087 24604 24708 I OMXClient: MuxOMX ctor
11-19 10:18:12.095   792  1861 I OMXMaster: makeComponentInstance(OMX.qcom.video.encoder.avc) in mediacodec process
11-19 10:18:12.101   792  1861 I OMX-VENC: Video encode perflock acquired,handle=3698
11-19 10:18:12.112  1497  1722 V AccManagerService: cdcEtherAdd update acc from usb mAccState: CInt4Pracel [mInt1=0, mInt2=12, mInt3=0, mInt4=0]
11-19 10:18:12.116  1497  1722 V AccManagerService: cdcEtherAdd update acc from usb mAccState: CInt4Pracel [mInt1=0, mInt2=12, mInt3=0, mInt4=0]
11-19 10:18:12.130  2011  2011 D BatteryMeterDrawable: draw level=100 tracker.plugged=false
11-19 10:18:12.130  2011  2011 D BatteryMeterDrawable: [battery shape] mButtonFrame(24.0,4.2,26.2,12.12
11-19 10:18:12.130  2011  2011 D BatteryMeterDrawable: [battery shape] mFrame(0.20000005,0.20000005,23.88,16.12
11-19 10:18:12.130  2011  2011 D BatteryMeterDrawable: 111battery draw charging=true
11-19 10:18:12.140  1497  1722 V AccManagerService: cdcEtherAdd update acc from usb mAccState: CInt4Pracel [mInt1=0, mInt2=12, mInt3=0, mInt4=0]
11-19 10:18:12.145  1497  1722 V AccManagerService: cdcEtherAdd update acc from usb mAccState: CInt4Pracel [mInt1=0, mInt2=12, mInt3=0, mInt4=0]
11-19 10:18:12.206  1497  1722 V AccManagerService: cdcEtherAdd update acc from usb mAccState: CInt4Pracel [mInt1=0, mInt2=12, mInt3=0, mInt4=0]
11-19 10:18:12.221  1497  1722 V AccManagerService: cdcEtherAdd update acc from usb mAccState: CInt4Pracel [mInt1=0, mInt2=12, mInt3=0, mInt4=0]
11-19 10:18:12.222  1497  1722 V AccManagerService: cdcEtherAdd update acc from usb mAccState: CInt4Pracel [mInt1=0, mInt2=12, mInt3=0, mInt4=0]
11-19 10:18:12.227  1497  1722 V AccManagerService: cdcEtherAdd update acc from usb mAccState: CInt4Pracel [mInt1=0, mInt2=12, mInt3=0, mInt4=0]
11-19 10:18:12.230  1497  1722 V AccManagerService: cdcEtherAdd update acc from usb mAccState: CInt4Pracel [mInt1=0, mInt2=12, mInt3=0, mInt4=0]
11-19 10:18:12.234  1497  1722 V AccManagerService: cdcEtherAdd update acc from usb mAccState: CInt4Pracel [mInt1=0, mInt2=12, mInt3=0, mInt4=0]
11-19 10:18:12.308   792  1861 I OMX-VENC: Component_init : OMX.qcom.video.encoder.avc : return = 0x0
11-19 10:18:12.312   792  9635 E OMX-VENC: set_parameter: metamode is valid for input port only
11-19 10:18:12.312   792  9635 W OMXNodeInstance: [31806b5:qcom.encoder.avc] component does not support metadata mode; using fallback
11-19 10:18:12.313 24604 24708 E ACodec  : [OMX.qcom.video.encoder.avc] storeMetaDataInBuffers (output) failed w/ err -1010
11-19 10:18:12.313 24604 24708 I ExtendedACodec: setupVideoEncoder()
11-19 10:18:12.314 24604 24708 W ACodec  : do not know color format 0x7fa30c04 = 2141391876
11-19 10:18:12.315 24604 24708 W ACodec  : do not know color format 0x7f000789 = 2130708361
11-19 10:18:12.321   792 29775 E OMX-VENC: ERROR: Unsupported H.264 level= 0
11-19 10:18:12.335   792  1025 E OMX-VENC: ERROR: Unsupported H.264 level= 0
11-19 10:18:12.339 24604 24708 I ACodec  : setupAVCEncoderParameters with [profile: Main] [level: Level3]
11-19 10:18:12.346 24604 24708 I ACodec  : [OMX.qcom.video.encoder.avc] cannot encode HDR static metadata. Ignoring.
11-19 10:18:12.346 24604 24708 I ACodec  : setupVideoEncoder succeeded
11-19 10:18:12.346 24604 24708 I ExtendedACodec: [OMX.qcom.video.encoder.avc] configure, AMessage : AMessage(what = 'conf', target = 1) = {
11-19 10:18:12.346 24604 24708 I ExtendedACodec:   string mime = "video/avc"
11-19 10:18:12.346 24604 24708 I ExtendedACodec:   int32_t frame-rate = 30
11-19 10:18:12.346 24604 24708 I ExtendedACodec:   int32_t color-format = 2130708361
11-19 10:18:12.346 24604 24708 I ExtendedACodec:   int32_t profile = 2
11-19 10:18:12.346 24604 24708 I ExtendedACodec:   int32_t height = 1280
11-19 10:18:12.346 24604 24708 I ExtendedACodec:   int32_t width = 768
11-19 10:18:12.346 24604 24708 I ExtendedACodec:   int32_t bitrate = 3932160
11-19 10:18:12.346 24604 24708 I ExtendedACodec:   int32_t i-frame-interval = 1
11-19 10:18:12.346 24604 24708 I ExtendedACodec:   int32_t level = 256
11-19 10:18:12.346 24604 24708 I ExtendedACodec:   int32_t encoder = 1
11-19 10:18:12.346 24604 24708 I ExtendedACodec: }
11-19 10:18:12.353 24604 24708 W ACodec  : do not know color format 0x7f000789 = 2130708361
11-19 10:18:12.362  1497 21796 I PackageManager:  checkUidPermission permName = android.permission.UPDATE_DEVICE_STATS ; uid = 10106
11-19 10:18:12.364   792  9633 E OMX-VENC: Does not handle dataspace request
11-19 10:18:12.365   792  9633 E OMXNodeInstance: getConfig(31806b5:qcom.encoder.avc, ??(0x7f000062)) ERROR: UnsupportedSetting(0x80001019)
11-19 10:18:12.369   792  9633 D GraphicBufferSource: setting dataspace: 0x104
11-19 10:18:12.370   792  9633 E OMXNodeInstance: getParameter(31806b5:qcom.encoder.avc, ParamConsumerUsageBits(0x6f800004)) ERROR: UnsupportedIndex(0x8000101a)
11-19 10:18:12.370   792  9634 D GraphicBufferSource: requesting color aspects (R:2(Limited), P:1(BT709_5), M:1(BT709_5), T:3(SMPTE170M))
11-19 10:18:12.376   797  1735 I MediaPlayerService: MediaPlayerService::getOMX
11-19 10:18:12.377 24604 24716 I OMXClient: MuxOMX ctor
11-19 10:18:12.381   792  1896 I OMXMaster: makeComponentInstance(OMX.google.aac.encoder) in mediacodec process
11-19 10:18:12.522   792 24713 D GraphicBufferSource: got buffer with new dataSpace #104
11-19 10:18:12.522   792 24713 I OMX-VENC: get_config (dataspace changed): ColorSpace: Recommend 601-limited for RGBA8888
11-19 10:18:12.522   792 24713 D GraphicBufferSource: Codec resolved it to (R:2(Limited), P:3(BT601_6_625), M:3(BT601_6), T:3(SMPTE170M)) err=0(NO_ERROR)
11-19 10:18:12.522   792 24713 I OMX-VENC: open Color conv forW: 768, H: 1280
11-19 10:18:12.522 24604 24708 D ACodec  : dataspace changed to 0x10c10000 (R:2(Limited), P:3(BT601_6_625), M:3(BT601_6), T:3(SMPTE170M)) (R:2(Limited), S:1(BT709), T:3(SMPTE_170M))
11-19 10:18:12.623 24604 24720 I MPEG4Writer: limits: 4294967295/0 bytes/us, bit rate: -1 bps and the estimated moov size 3195 bytes
11-19 10:18:12.625 24604 24724 I MPEG4Writer: setStartTimestampUs: 0
11-19 10:18:12.626 24604 24724 I MPEG4Writer: Earliest track starting time: 0
11-19 10:18:12.627 24604 24725 I MPEG4Writer: setStartTimestampUs: 0
11-19 10:18:12.627 24604 24720 E zzz     : VideoTime = 0.0
11-19 10:18:12.628 24604 24720 E zzz     : time = 0
11-19 10:18:12.629 24604 24720 E zzz     : VideoTime = 0.0
11-19 10:18:12.630 24604 24720 E zzz     : time = 0
11-19 10:18:12.640  2011  2011 D BatteryMeterDrawable: draw level=100 tracker.plugged=false
11-19 10:18:12.640  2011  2011 D BatteryMeterDrawable: [battery shape] mButtonFrame(24.0,4.2,26.2,12.12
11-19 10:18:12.640  2011  2011 D BatteryMeterDrawable: [battery shape] mFrame(0.20000005,0.20000005,23.88,16.12
11-19 10:18:12.640  2011  2011 D BatteryMeterDrawable: 111battery draw charging=true
11-19 10:18:12.646 24604 24726 E zzz     : buffer:7056 size:7056
--------- beginning of crash
11-19 10:18:12.648 24604 24726 E AndroidRuntime: FATAL EXCEPTION: Thread-8
11-19 10:18:12.648 24604 24726 E AndroidRuntime: Process: com.zzw.live, PID: 24604
11-19 10:18:12.648 24604 24726 E AndroidRuntime: java.nio.BufferOverflowException
11-19 10:18:12.648 24604 24726 E AndroidRuntime: 	at java.nio.DirectByteBuffer.put(DirectByteBuffer.java:264)
11-19 10:18:12.648 24604 24726 E AndroidRuntime: 	at java.nio.ByteBuffer.put(ByteBuffer.java:642)
11-19 10:18:12.648 24604 24726 E AndroidRuntime: 	at com.zzw.live.encodec.BaseVideoEncoder.putPcmData(BaseVideoEncoder.java:183)
11-19 10:18:12.648 24604 24726 E AndroidRuntime: 	at com.zzw.live.RecodeActivity$PutPcmThread.run(RecodeActivity.java:123)
11-19 10:18:12.652  1497  2621 W ActivityManager:   Force finishing activity com.zzw.live/.RecodeActivity
11-19 10:18:12.654  2011  2011 D PhoneStatusBar: hiding the MENU button
11-19 10:18:12.655 24604 24720 E zzz     : VideoTime = 0.089706
11-19 10:18:12.655 24604 24720 E zzz     : time = 0
11-19 10:18:12.656  1497  2621 D ActivityTrigger: ActivityTrigger activityPauseTrigger 
11-19 10:18:12.657  1497  2621 D PowerManagerService: acquireWakeLockInternal: lock=19165590, flags=0x1, tag="*launch*", ws=WorkSource{10106}, uid=1000, pid=1497
11-19 10:18:12.658 24604 24604 V Activity: onPause com.zzw.live.RecodeActivity@b0e51b getComponentName()=ComponentInfo{com.zzw.live/com.zzw.live.RecodeActivity}
11-19 10:18:12.658 24604 24726 I Process : Sending signal. PID: 24604 SIG: 9
11-19 10:18:12.663  2011  2011 D PhoneStatusBar: hiding the MENU button
11-19 10:18:12.666  2011  2011 D PhoneStatusBar: hiding the MENU button
11-19 10:18:12.714  1497  2735 I WindowManager: WIN DEATH: Window{9eef363 u0 com.zzw.live/com.zzw.live.RecodeActivity}
11-19 10:18:12.714  1497  2735 W WindowManager: Force-removing child win Window{c6dd678 u0 SurfaceView - com.zzw.live/com.zzw.live.RecodeActivity} from container Window{9eef363 u0 com.zzw.live/com.zzw.live.RecodeActivity}
11-19 10:18:12.715  1497  2649 I PackageManager:  checkUidPermission permName = android.permission.UPDATE_DEVICE_STATS ; uid = 1047
11-19 10:18:12.715   792 15197 E OMXNodeInstance: !!! Observer died. Quickly, do something, ... anything...
11-19 10:18:12.716  7034 24692 E Surface : queueBuffer: error queuing buffer to SurfaceTexture, -32
11-19 10:18:12.716  7034 24683 E Camera3-OutputStream: getBufferLocked: Stream 0: Can't dequeue next output buffer: Broken pipe (-32)
11-19 10:18:12.717  7034 24692 E Camera3-OutputStream: returnBufferCheckedLocked: Stream 0: Error queueing buffer to native window: Broken pipe (-32)
11-19 10:18:12.717  7034 24683 E Camera3-Device: RequestThread: Can't get output buffer, skipping request: Broken pipe (-32)
11-19 10:18:12.717  7034 24692 E Camera3-Device: Can't return buffer to its stream: Broken pipe (-32)
11-19 10:18:12.717  7034 24683 W Camera2Client: notifyError: Received recoverable error 3 from HAL - ignoring, requestId 10000001
11-19 10:18:12.717  7034 24683 E Camera3-OutputStream: getBufferLocked: Stream 0: Can't dequeue next output buffer: Broken pipe (-32)
11-19 10:18:12.717  7034 24683 E Camera3-Device: RequestThread: Can't get output buffer, skipping request: Broken pipe (-32)
11-19 10:18:12.717  7034 24683 W Camera2Client: notifyError: Received recoverable error 3 from HAL - ignoring, requestId 10000001
11-19 10:18:12.717  7034 24683 E Camera3-OutputStream: getBufferLocked: Stream 0: Can't dequeue next output buffer: Broken pipe (-32)
11-19 10:18:12.717  7034 24683 E Camera3-Device: RequestThread: Can't get output buffer, skipping request: Broken pipe (-32)
11-19 10:18:12.717  7034 24683 W Camera2Client: notifyError: Received recoverable error 3 from HAL - ignoring, requestId 10000001
11-19 10:18:12.717  7034 24683 E Camera3-OutputStream: getBufferLocked: Stream 0: Can't dequeue next output buffer: Broken pipe (-32)
11-19 10:18:12.717  7034 24683 E Camera3-Device: RequestThread: Can't get output buffer, skipping request: Broken pipe (-32)
11-19 10:18:12.717  7034 24683 W Camera2Client: notifyError: Received recoverable error 3 from HAL - ignoring, requestId 10000001
11-19 10:18:12.717  7034 24683 E Camera3-OutputStream: getBufferLocked: Stream 0: Can't dequeue next output buffer: Broken pipe (-32)
11-19 10:18:12.717  7034 24683 E Camera3-Device: RequestThread: Can't get output buffer, skipping request: Broken pipe (-32)
11-19 10:18:12.717  7034 24683 W Camera2Client: notifyError: Received recoverable error 3 from HAL - ignoring, requestId 10000001
11-19 10:18:12.717  7034 24683 E Camera3-OutputStream: getBufferLocked: Stream 0: Can't dequeue next output buffer: Broken pipe (-32)
11-19 10:18:12.717  7034 24683 E Camera3-Device: RequestThread: Can't get output buffer, skipping request: Broken pipe (-32)
11-19 10:18:12.717  7034 24683 W Camera2Client: notifyError: Received recoverable error 3 from HAL - ignoring, requestId 10000001
11-19 10:18:12.718  7034 24683 E Camera3-OutputStream: getBufferLocked: Stream 0: Can't dequeue next output buffer: Broken pipe (-32)
11-19 10:18:12.718  7034 24683 E Camera3-Device: RequestThread: Can't get output buffer, skipping request: Broken pipe (-32)
11-19 10:18:12.718  7034 24683 W Camera2Client: notifyError: Received recoverable error 3 from HAL - ignoring, requestId 10000001
11-19 10:18:12.718  7034 24683 E Camera3-OutputStream: getBufferLocked: Stream 0: Can't dequeue next output buffer: Broken pipe (-32)
11-19 10:18:12.718  7034 24683 E Camera3-Device: RequestThread: Can't get output buffer, skipping request: Broken pipe (-32)
11-19 10:18:12.718  7034 24683 W Camera2Client: notifyError: Received recoverable error 3 from HAL - ignoring, requestId 10000001
11-19 10:18:12.718  7034 24683 E Camera3-OutputStream: getBufferLocked: Stream 0: Can't dequeue next output buffer: Broken pipe (-32)
11-19 10:18:12.718  7034 24683 E Camera3-Device: RequestThread: Can't get output buffer, skipping request: Broken pipe (-32)
11-19 10:18:12.718  7034 24683 W Camera2Client: notifyError: Received recoverable error 3 from HAL - ignoring, requestId 10000001
11-19 10:18:12.718  7034 24683 E Camera3-OutputStream: getBufferLocked: Stream 0: Can't dequeue next output buffer: Broken pipe (-32)
11-19 10:18:12.718  7034 24683 E Camera3-Device: RequestThread: Can't get output buffer, skipping request: Broken pipe (-32)
11-19 10:18:12.718  7034 24683 W Camera2Client: notifyError: Received recoverable error 3 from HAL - ignoring, requestId 10000001
11-19 10:18:12.718  7034 24683 E Camera3-OutputStream: getBufferLocked: Stream 0: Can't dequeue next output buffer: Broken pipe (-32)
11-19 10:18:12.718  7034 24683 E Camera3-Device: RequestThread: Can't get output buffer, skipping request: Broken pipe (-32)
11-19 10:18:12.718  7034 24683 W Camera2Client: notifyError: Received recoverable error 3 from HAL - ignoring, requestId 10000001
11-19 10:18:12.718  1497 30584 D GraphicsStats: Buffer count: 13
11-19 10:18:12.718  7034 24683 E Camera3-OutputStream: getBufferLocked: Stream 0: Can't dequeue next output buffer: Broken pipe (-32)
11-19 10:18:12.718  7034 24683 E Camera3-Device: RequestThread: Can't get output buffer, skipping request: Broken pipe (-32)
11-19 10:18:12.718  7034 24683 W Camera2Client: notifyError: Received recoverable error 3 from HAL - ignoring, requestId 10000001
11-19 10:18:12.719  7034 24683 E Camera3-OutputStream: getBufferLocked: Stream 0: Can't dequeue next output buffer: Broken pipe (-32)
11-19 10:18:12.719  7034 24683 E Camera3-Device: RequestThread: Can't get output buffer, skipping request: Broken pipe (-32)
11-19 10:18:12.719  7034 24683 W Camera2Client: notifyError: Received recoverable error 3 from HAL - ignoring, requestId 10000001
11-19 10:18:12.719  7034 24683 E Camera3-OutputStream: getBufferLocked: Stream 0: Can't dequeue next output buffer: Broken pipe (-32)
11-19 10:18:12.719  7034 24683 E Camera3-Device: RequestThread: Can't get output buffer, skipping request: Broken pipe (-32)
