11-19 10:18:12.719  7034 24683 W Camera2Client: notifyError: Received recoverable error 3 from HAL - ignoring, requestId 10000001
11-19 10:18:12.719  7034 24683 E Camera3-OutputStream: getBufferLocked: Stream 0: Can't dequeue next output buffer: Broken pipe (-32)
11-19 10:18:12.719  7034 24683 E Camera3-Device: RequestThread: Can't get output buffer, skipping request: Broken pipe (-32)
11-19 10:18:12.719  7034 24683 W Camera2Client: notifyError: Received recoverable error 3 from HAL - ignoring, requestId 10000001
11-19 10:18:12.719  7034 24683 E Camera3-OutputStream: getBufferLocked: Stream 0: Can't dequeue next output buffer: Broken pipe (-32)
11-19 10:18:12.719  7034 24683 E Camera3-Device: RequestThread: Can't get output buffer, skipping request: Broken pipe (-32)
11-19 10:18:12.719  7034 24683 W Camera2Client: notifyError: Received recoverable error 3 from HAL - ignoring, requestId 10000001
11-19 10:18:12.719  7034 24683 E Camera3-OutputStream: getBufferLocked: Stream 0: Can't dequeue next output buffer: Broken pipe (-32)
11-19 10:18:12.719  7034 24683 E Camera3-Device: RequestThread: Can't get output buffer, skipping request: Broken pipe (-32)
11-19 10:18:12.719  7034 24683 W Camera2Client: notifyError: Received recoverable error 3 from HAL - ignoring, requestId 10000001
11-19 10:18:12.719  7034 24683 E Camera3-OutputStream: getBufferLocked: Stream 0: Can't dequeue next output buffer: Broken pipe (-32)
11-19 10:18:12.719  7034 24683 E Camera3-Device: RequestThread: Can't get output buffer, skipping request: Broken pipe (-32)
11-19 10:18:12.719  7034 24683 W Camera2Client: notifyError: Received recoverable error 3 from HAL - ignoring, requestId 10000001
11-19 10:18:12.719  7034 24683 E Camera3-OutputStream: getBufferLocked: Stream 0: Can't dequeue next output buffer: Broken pipe (-32)
11-19 10:18:12.719  1497  2765 I ActivityManager: Process com.zzw.live (pid 24604) has died
11-19 10:18:12.719  7034 24683 E Camera3-Device: RequestThread: Can't get output buffer, skipping request: Broken pipe (-32)
11-19 10:18:12.719  7034 24683 W Camera2Client: notifyError: Received recoverable error 3 from HAL - ignoring, requestId 10000001
11-19 10:18:12.720  7034 24683 E Camera3-OutputStream: getBufferLocked: Stream 0: Can't dequeue next output buffer: Broken pipe (-32)
11-19 10:18:12.720  1497  2765 D ActivityManager: cleanUpApplicationRecord -- 24604
11-19 10:18:12.720  7034 24683 E Camera3-Device: RequestThread: Can't get output buffer, skipping request: Broken pipe (-32)
11-19 10:18:12.720  7034 24683 W Camera2Client: notifyError: Received recoverable error 3 from HAL - ignoring, requestId 10000001
11-19 10:18:12.720  7034 24683 E Camera3-OutputStream: getBufferLocked: Stream 0: Can't dequeue next output buffer: Broken pipe (-32)
11-19 10:18:12.720  7034 24683 E Camera3-Device: RequestThread: Can't get output buffer, skipping request: Broken pipe (-32)
11-19 10:18:12.720  7034 24683 W Camera2Client: notifyError: Received recoverable error 3 from HAL - ignoring, requestId 10000001
11-19 10:18:12.720  7034 24683 E Camera3-OutputStream: getBufferLocked: Stream 0: Can't dequeue next output buffer: Broken pipe (-32)
11-19 10:18:12.720  7034 24683 E Camera3-Device: RequestThread: Can't get output buffer, skipping request: Broken pipe (-32)
11-19 10:18:12.720  7034 24683 W Camera2Client: notifyError: Received recoverable error 3 from HAL - ignoring, requestId 10000001
11-19 10:18:12.720  7034 24683 E Camera3-OutputStream: getBufferLocked: Stream 0: Can't dequeue next output buffer: Broken pipe (-32)
11-19 10:18:12.720  7034 24683 E Camera3-Device: RequestThread: Can't get output buffer, skipping request: Broken pipe (-32)
11-19 10:18:12.720  7034 24683 W Camera2Client: notifyError: Received recoverable error 3 from HAL - ignoring, requestId 10000001
11-19 10:18:12.720  7034 24683 E Camera3-OutputStream: getBufferLocked: Stream 0: Can't dequeue next output buffer: Broken pipe (-32)
11-19 10:18:12.720  7034 24683 E Camera3-Device: RequestThread: Can't get output buffer, skipping request: Broken pipe (-32)
11-19 10:18:12.720  7034 24683 W Camera2Client: notifyError: Received recoverable error 3 from HAL - ignoring, requestId 10000001
11-19 10:18:12.720  7034 24683 E Camera3-OutputStream: getBufferLocked: Stream 0: Can't dequeue next output buffer: Broken pipe (-32)
11-19 10:18:12.720  7034 24683 E Camera3-Device: RequestThread: Can't get output buffer, skipping request: Broken pipe (-32)
11-19 10:18:12.720  7034 24683 W Camera2Client: notifyError: Received recoverable error 3 from HAL - ignoring, requestId 10000001
11-19 10:18:12.720  7034 24683 E Camera3-OutputStream: getBufferLocked: Stream 0: Can't dequeue next output buffer: Broken pipe (-32)
11-19 10:18:12.720  7034 24683 E Camera3-Device: RequestThread: Can't get output buffer, skipping request: Broken pipe (-32)
11-19 10:18:12.720  7034 24683 W Camera2Client: notifyError: Received recoverable error 3 from HAL - ignoring, requestId 10000001
11-19 10:18:12.721  7034  7034 E Camera2Client: notifyError: Error condition 0 reported by HAL, requestId -1
11-19 10:18:12.721  7034 24683 E Camera3-OutputStream: getBufferLocked: Stream 0: Can't dequeue next output buffer: Broken pipe (-32)
11-19 10:18:12.721  7034 24683 E Camera3-Device: RequestThread: Can't get output buffer, skipping request: Broken pipe (-32)
11-19 10:18:12.721  7034 24683 W Camera2Client: notifyError: Received recoverable error 3 from HAL - ignoring, requestId 10000001
11-19 10:18:12.721   792  1861 E OMXNodeInstance: !!! Observer died. Quickly, do something, ... anything...
11-19 10:18:12.722  2011  2011 D PhoneStatusBar: hiding the MENU button
11-19 10:18:12.722  2011  2011 D PhoneStatusBar: hiding the MENU button
11-19 10:18:12.723   821 24676 I mm-camera: <MCT   >< INFO> 3674: mct_pipeline_process_set: command=8000009
11-19 10:18:12.723   821 24676 I mm-camera: <MCT   >< INFO> 3812: mct_pipeline_process_set:  STREAM-OFF on stream 0x10003 stream type=11
11-19 10:18:12.724   821 24676 I mm-camera: <IFACE >< INFO> 1619: iface_streamoff_to_thread: iface_streamoff_to_thread: E, session id = 1, user stream id = 3
11-19 10:18:12.725   821 24659 I mm-camera: <IFACE >< INFO> 2211: iface_streamoff: E, session_id 1 mct_stream_id = 3
11-19 10:18:12.725   821 24659 I mm-camera: <IFACE >< INFO> 10978: iface_util_get_user_streams_by_bundle: streamoff, first bundled streamoff all bindled streams!
11-19 10:18:12.727  1497 19282 W WindowManager: Failed looking up window
11-19 10:18:12.727  1497 19282 W WindowManager: java.lang.IllegalArgumentException: Requested window android.os.BinderProxy@a77fb60 does not exist
11-19 10:18:12.727  1497 19282 W WindowManager: 	at com.android.server.wm.WindowManagerService.windowForClientLocked(WindowManagerService.java:9446)
11-19 10:18:12.727  1497 19282 W WindowManager: 	at com.android.server.wm.WindowManagerService.windowForClientLocked(WindowManagerService.java:9437)
11-19 10:18:12.727  1497 19282 W WindowManager: 	at com.android.server.wm.WindowState$DeathRecipient.binderDied(WindowState.java:1800)
11-19 10:18:12.727  1497 19282 W WindowManager: 	at android.os.BinderProxy.sendDeathNotice(Binder.java:688)
11-19 10:18:12.727  1497 19282 I WindowManager: WIN DEATH: null
11-19 10:18:12.729  3328  3335 I art     : Ignoring second debugger -- accepting and dropping
11-19 10:18:12.729  1497 19281 I WindowManager: WIN DEATH: Window{17db065 u0 com.zzw.live/com.zzw.live.MainActivity}
11-19 10:18:12.731   821 24659 I mm-camera: <IFACE >< INFO> 2401: iface_streamoff: session_id = 1, active_streams = 0
11-19 10:18:12.731   821 24659 I mm-camera: <IFACE >< INFO> 2483: iface_streamoff: X
11-19 10:18:12.731   821 24676 I mm-camera: <IFACE >< INFO> 1645: iface_streamoff_to_thread: iface_streamoff_to_thread: X, session id = 1, user stream id = 3
11-19 10:18:12.731   821 24676 I mm-camera: <MCT   >< INFO> 3827: mct_pipeline_process_set:  STREAM-OFF success for stream 0x10003, stream type=11
11-19 10:18:12.733  1497  2765 I PackageManager:  checkUidPermission permName = android.permission.WRITE_MEDIA_STORAGE ; uid = 10106
11-19 10:18:12.733  1497  2765 I PackageManager:  checkUidPermission permName = android.permission.READ_EXTERNAL_STORAGE ; uid = 10106
11-19 10:18:12.733  1497  2765 I PackageManager:  checkUidPermission permName = android.permission.WRITE_EXTERNAL_STORAGE ; uid = 10106
11-19 10:18:12.736   821 24676 I mm-camera: <MCT   >< INFO> 3674: mct_pipeline_process_set: command=8000009
11-19 10:18:12.736   821 24676 I mm-camera: <MCT   >< INFO> 3812: mct_pipeline_process_set:  STREAM-OFF on stream 0x10002 stream type=1
11-19 10:18:12.744   821 24676 I mm-camera: <CPP   >< INFO> 3927: cpp_module_handle_streamoff_event: info: doing stream-off for identity 0x10002
11-19 10:18:12.745   821 24663 I mm-camera: <CPP   >< INFO> 359: cpp_hardware_set_clock: Set clock 100000000 BW avg 0 BW inst 0
11-19 10:18:12.745   821 24676 I mm-camera: <CPP   >< INFO> 4112: cpp_module_handle_streamoff_event: info: stream-off done for identity 0x10002
11-19 10:18:12.746   821 24676 I mm-camera: <IFACE >< INFO> 1619: iface_streamoff_to_thread: iface_streamoff_to_thread: E, session id = 1, user stream id = 2
11-19 10:18:12.746   821 24659 I mm-camera: <IFACE >< INFO> 2211: iface_streamoff: E, session_id 1 mct_stream_id = 2
11-19 10:18:12.746   821 24659 I mm-camera: <IFACE >< INFO> 10984: iface_util_get_user_streams_by_bundle: skip streamoff! left 0 bundled streamoff, mct stream id 2total bundled stream num = 2
11-19 10:18:12.747   821 24659 I mm-camera: <IFACE >< INFO> 2420: iface_streamoff: session id = 0x1,Delta between vfe irqs 0 sec 0 usec
11-19 10:18:12.750   821 24659 I mm-camera: <IFACE >< INFO> 10029: iface_util_release_resource: camif_cnt= 0, rdi_cnt= 0, used mask 10000
11-19 10:18:12.751   821 24659 I mm-camera: <IFACE >< INFO> 2478: iface_streamoff: all bundled stream streamoff, clear hal bundled mask
11-19 10:18:12.751   821 24659 I mm-camera: <IFACE >< INFO> 2483: iface_streamoff: X
11-19 10:18:12.751   821 24676 I mm-camera: <IFACE >< INFO> 1645: iface_streamoff_to_thread: iface_streamoff_to_thread: X, session id = 1, user stream id = 2
11-19 10:18:12.751   821 24676 I mm-camera: <MCT   >< INFO> 177: stop_sof_check_thread: Stopping SOF timeout thread session =1
11-19 10:18:12.752   821 24701 I mm-camera: <MCT   >< INFO> 114: mct_bus_sof_thread_run: Closing SOF tracker thread
11-19 10:18:12.752   821 24676 I mm-camera: <MCT   >< INFO> 3827: mct_pipeline_process_set:  STREAM-OFF success for stream 0x10002, stream type=1
11-19 10:18:12.753   821 24676 I mm-camera: <MCT   >< INFO> 3674: mct_pipeline_process_set: command=8000009
11-19 10:18:12.753   821 24676 I mm-camera: <MCT   >< INFO> 3812: mct_pipeline_process_set:  STREAM-OFF on stream 0x10001 stream type=7
11-19 10:18:12.753   821 24676 I mm-camera: <MCT   >< INFO> 3827: mct_pipeline_process_set:  STREAM-OFF success for stream 0x10001, stream type=7
11-19 10:18:12.764  1497  2765 I ActivityManager: Start proc 24728:com.zzw.live/u0a106 for activity com.zzw.live/.MainActivity
11-19 10:18:12.764  1497  2765 V BoostFramework: BoostFramework() : mPerf = com.qualcomm.qti.Performance@7dd3db6
11-19 10:18:12.769   821 24676 I mm-camera: <MCT   >< INFO> 3674: mct_pipeline_process_set: command=8000019
11-19 10:18:12.770   821 24676 I mm-camera: <MCT   >< INFO> 3674: mct_pipeline_process_set: command=8000019
11-19 10:18:12.770  7034  7034 W Camera2Client: notifyError: Received recoverable error 3 from HAL - ignoring, requestId 10000001
11-19 10:18:12.770  7034  7034 W Camera3-OutputStream: A frame is dropped for stream 0
11-19 10:18:12.770  1497  1576 I PackageManager:  checkUidPermission permName = android.permission.INTERNET ; uid = 10106
11-19 10:18:12.770  1497  1576 I PackageManager:  checkUidPermission permName = android.permission.INTERNET ; uid = 10106
11-19 10:18:12.770  7034  7034 W Camera2Client: notifyError: Received recoverable error 3 from HAL - ignoring, requestId 10000001
11-19 10:18:12.770  7034  7034 W Camera3-OutputStream: A frame is dropped for stream 0
11-19 10:18:12.770  7034  7034 W Camera2Client: notifyError: Received recoverable error 3 from HAL - ignoring, requestId 10000001
11-19 10:18:12.770  7034  7034 W Camera3-OutputStream: A frame is dropped for stream 0
11-19 10:18:12.775  2561  2568 I art     : Ignoring second debugger -- accepting and dropping
11-19 10:18:12.782 24728 24728 I art     : Late-enabling -Xcheck:jni
11-19 10:18:12.812  1497  1576 I PackageManager:  checkUidPermission permName = android.permission.INTERNET ; uid = 10106
11-19 10:18:12.813  1497  1576 I PackageManager:  checkUidPermission permName = android.permission.INTERNET ; uid = 10106
11-19 10:18:12.814  2819  2827 I art     : Ignoring second debugger -- accepting and dropping
11-19 10:18:12.823  2011  2011 D PhoneStatusBar: hiding the MENU button
11-19 10:18:12.826  2011  2011 D PhoneStatusBar: hiding the MENU button
11-19 10:18:12.838   821 24676 I mm-camera: <MCT   >< INFO> 3674: mct_pipeline_process_set: command=8000008
11-19 10:18:12.838   821 24676 I mm-camera: <MCT   >< INFO> 3812: mct_pipeline_process_set:  STREAM-ON on stream 0x10001 stream type=7
11-19 10:18:12.838   821 24676 I mm-camera: <MCT   >< INFO> 3827: mct_pipeline_process_set:  STREAM-ON success for stream 0x10001, stream type=7
11-19 10:18:12.839   821 24676 I mm-camera: <MCT   >< INFO> 3674: mct_pipeline_process_set: command=8000008
11-19 10:18:12.840   821 24676 I mm-camera: <MCT   >< INFO> 3812: mct_pipeline_process_set:  STREAM-ON on stream 0x10002 stream type=1
11-19 10:18:12.840   821 24676 I mm-camera: <SENSOR>< INFO> 3667: sensor_get_resolution_info: sensor info: name: imx214, res: 1, max_fps: 30.000000, w: 4096, h: 2160 op pix clk: 465000000, FLL: 3194, LLPCK: 5008, mode: 1, PDAF support: 0
11-19 10:18:12.841   821 24676 E mm-camera: <STATS_AF ><ERROR> 3167: af_port_handle_sensor_update: Depth_Err: actuator sensitivity: 0.000000 is invalid
11-19 10:18:12.841   821 24676 I mm-camera: <CPP   >< INFO> 1734: cpp_module_handle_stream_cfg_event: frame_offset=2, input_fps=30.00, identity=0x1000f
11-19 10:18:12.841   821 24676 I mm-camera: <CPP   >< INFO> 1734: cpp_module_handle_stream_cfg_event: frame_offset=2, input_fps=30.00, identity=0x10002
11-19 10:18:12.842  2948  2956 I art     : Ignoring second debugger -- accepting and dropping
11-19 10:18:12.843   821 24672 I mm-camera: <STATS_AF >< INFO> 1277: af_haf_update_tuning_data: Setting default init pos to far end
11-19 10:18:12.843   821 24676 I mm-camera: <IFACE >< INFO> 409: iface_util_dump_sensor_cfg: iface_util_dump_sensor_cfg: sensor dim: width = 4096, heght = 2160, fmt = 30, is_bayer = 1, init_skip = 1
11-19 10:18:12.848   821 24676 E mm-camera: <IFACE ><ERROR> 4075: iface_util_set_hw_stream_config_pix: iface_util_set_hw_stream_config_pix: Assigned vfe 1 intf 0 for related cam type 1
11-19 10:18:12.848   821 24676 I mm-camera: <IFACE >< INFO> 3573: iface_util_dump_isp_resource_request:  =====DUMP RESOURCE: PIX STREAM=== 
11-19 10:18:12.848   821 24676 I mm-camera: <IFACE >< INFO> 3574: iface_util_dump_isp_resource_request: num pix stream = 1
11-19 10:18:12.849   821 24676 I mm-camera: <IFACE >< INFO> 3577: iface_util_dump_isp_resource_request: num_isp = 1, isp_mask = 2, request_op_pix_clk = 0
11-19 10:18:12.849   821 24676 I mm-camera: <IFACE >< INFO> 3581: iface_util_dump_isp_resource_request: ispif stripe info: split 0, overlap 0, stripe offset 0
11-19 10:18:12.849   821 24676 I mm-camera: <IFACE >< INFO> 3584: iface_util_dump_isp_resource_request: pix stream 0
11-19 10:18:12.849   821 24676 I mm-camera: <IFACE >< INFO> 3587: iface_util_dump_isp_resource_request: num mct stream mapped = 2(Mapped stream ID[0] = 2)
11-19 10:18:12.849   821 24676 I mm-camera: <IFACE >< INFO> 3590: iface_util_dump_isp_resource_request: axi path = 1(ENC-0/VIEW-1/CAMIF-2/IDEAL-3), cam_fmt 7
11-19 10:18:12.849   821 24676 I mm-camera: <IFACE >< INFO> 3612: iface_util_dump_isp_resource_request: num STATS stream = 5
11-19 10:18:12.849   821 24676 I mm-camera: <CPP   >< INFO> 865: cpp_module_handle_isp_out_dim_event: [STREAM_PARAMS]  stream type 1, width 1456, height 768,stride 1472, scanline 768, planes 2
11-19 10:18:12.849   821 24676 I mm-camera: <CPP   >< INFO> 884: cpp_module_handle_isp_out_dim_event: [STREAM_PARAMS] plane 0, stride 1472, scanline 768, offset_x 0, offset_y 0, len 1130496, offset:0
11-19 10:18:12.849   821 24676 I mm-camera: <CPP   >< INFO> 884: cpp_module_handle_isp_out_dim_event: [STREAM_PARAMS] plane 1, stride 1472, scanline 768, offset_x 0, offset_y 0, len 565248, offset:0
11-19 10:18:12.852   821 24676 I mm-camera: <IFACE >< INFO> 8887: iface_util_dump_camif_cfg: =====Camif DUMP cfg for PIX interface====
11-19 10:18:12.852   821 24676 I mm-camera: <IFACE >< INFO> 8889: iface_util_dump_camif_cfg: camif input type = 3(MIPI=3), op_pix_clk = 465000000
11-19 10:18:12.852   821 24676 I mm-camera: <IFACE >< INFO> 8891: iface_util_dump_camif_cfg: camif pix_pattern(RGRG-0/GRGR-1/BGBG-2/GBGB-3) = 0
11-19 10:18:12.852   821 24676 I mm-camera: <IFACE >< INFO> 8893: iface_util_dump_camif_cfg: camif first_pix = 0, last_pix = 4095
11-19 10:18:12.852   821 24676 I mm-camera: <IFACE >< INFO> 8895: iface_util_dump_camif_cfg: camif first_line = 0, last_line = 2159
11-19 10:18:12.852   821 24676 I mm-camera: <IFACE >< INFO> 8897: iface_util_dump_camif_cfg: camif pixels_per_line = 4096, lines_per_frame = 2160
11-19 10:18:12.852   821 24676 I mm-camera: <IFACE >< INFO> 8901: iface_util_dump_camif_cfg: camif irq subsample pattern = 0, period = 0 sof_step 1
11-19 10:18:12.853   821 24748 I mm-camera: <IFACE >< INFO> 549: iface_dump_axi_plane_config: === AXI DUMP: VFE session_id 1, hw_stream_id 10002 ===
11-19 10:18:12.853   821 24748 I mm-camera: <IFACE >< INFO> 553: iface_dump_axi_plane_config:     AXI DUMP Axi_src: VIEWFINDER hw_stream width 1456, height 768
11-19 10:18:12.853   821 24748 I mm-camera: <IFACE >< INFO> 555: iface_dump_axi_plane_config: need buf divert = 1, burst count = 0
11-19 10:18:12.853   821 24748 I mm-camera: <IFACE >< INFO> 558: iface_dump_axi_plane_config: hfr mode = 0, skip pattern = 0, init_frame_drop = 1
11-19 10:18:12.853   821 24748 I mm-camera: <IFACE >< INFO> 591: iface_dump_axi_plane_config: plane[0]: plane_fmt 0(Y-0/CB-1/Cr-2/CrCb-3/CbCr-4)
11-19 10:18:12.853   821 24748 I mm-camera: <IFACE >< INFO> 593: iface_dump_axi_plane_config: plane[0]: width = 1456, height = 768
11-19 10:18:12.853   821 24748 I mm-camera: <IFACE >< INFO> 595: iface_dump_axi_plane_config: plane[0]: stride = 1472, scanlines = 768
11-19 10:18:12.853   821 24748 I mm-camera: <IFACE >< INFO> 597: iface_dump_axi_plane_config: plane[0]: address_offset 0
11-19 10:18:12.853   821 24748 I mm-camera: <IFACE >< INFO> 591: iface_dump_axi_plane_config: plane[1]: plane_fmt 4(Y-0/CB-1/Cr-2/CrCb-3/CbCr-4)
11-19 10:18:12.853   821 24748 I mm-camera: <IFACE >< INFO> 593: iface_dump_axi_plane_config: plane[1]: width = 1456, height = 384
11-19 10:18:12.853   821 24748 I mm-camera: <IFACE >< INFO> 595: iface_dump_axi_plane_config: plane[1]: stride = 1472, scanlines = 384
11-19 10:18:12.853   821 24748 I mm-camera: <IFACE >< INFO> 597: iface_dump_axi_plane_config: plane[1]: address_offset 0
11-19 10:18:12.856   654   734 E libnav  : CablComputeBacklightLevel(): UpdateType = DifferentSceneUpdate
11-19 10:18:12.861   821 24676 I mm-camera: <IFACE >< INFO> 1562: iface_streamon_to_thread: iface_streamon_to_thread: E, session id = 1, user stream id = 2
11-19 10:18:12.861   821 24659 I mm-camera: <IFACE >< INFO> 1907: iface_streamon: E, session_id 1 mct_stream_id = 2
11-19 10:18:12.861   821 24659 I mm-camera: <IFACE >< INFO> 10970: iface_util_get_user_streams_by_bundle: got No.1 bundled streamon, mct stream id 2total bundled stream num = 2
11-19 10:18:12.861   821 24676 I mm-camera: <ISP   >< INFO> 3632: mesh_rolloff40_normalize_table: full 4096 2160 out 4096 2160 offset 0 0 scale 1
11-19 10:18:12.866   821 24673 I mm-camera: <ISP   >< INFO> 90: rs_stats44_stats_config_update: warning: max_support_h_rgn invalid 8
11-19 10:18:12.867   821 24676 I mm-camera: <CPP   >< INFO> 3836: cpp_module_handle_streamon_event: identity=0x10002, stream-on done
11-19 10:18:12.867   821 24676 I mm-camera: <IFACE >< INFO> 1593: iface_streamon_to_thread: iface_streamon_to_thread: X, session id = 1, user stream id = 2
11-19 10:18:12.868   821 24676 I mm-camera: <MCT   >< INFO> 154: start_sof_check_thread: Starting SOF timeout thread session id =1
11-19 10:18:12.869   821 24663 I mm-camera: <CPP   >< INFO> 359: cpp_hardware_set_clock: Set clock 100000000 BW avg 106831872 BW inst 106831872
11-19 10:18:12.872   821 24676 I mm-camera: <MCT   >< INFO> 3827: mct_pipeline_process_set:  STREAM-ON success for stream 0x10002, stream type=1
11-19 10:18:12.873   821 24676 I mm-camera: <MCT   >< INFO> 3674: mct_pipeline_process_set: command=8000008
11-19 10:18:12.873   821 24676 I mm-camera: <MCT   >< INFO> 3812: mct_pipeline_process_set:  STREAM-ON on stream 0x10003 stream type=11
11-19 10:18:12.873   821 24676 I mm-camera: <IFACE >< INFO> 1562: iface_streamon_to_thread: iface_streamon_to_thread: E, session id = 1, user stream id = 3
11-19 10:18:12.873   821 24659 I mm-camera: <IFACE >< INFO> 1907: iface_streamon: E, session_id 1 mct_stream_id = 3
11-19 10:18:12.873   821 24659 I mm-camera: <IFACE >< INFO> 10964: iface_util_get_user_streams_by_bundle: streamon, got all bundled streamon!
11-19 10:18:12.874   821 24673 I mm-camera: <ISP   >< INFO> 90: rs_stats44_stats_config_update: warning: max_support_h_rgn invalid 8
11-19 10:18:12.874   821 24676 E mm-camera: <IMGLIB><ERROR> 318: faceproc_comp_set_param: Error param=521
11-19 10:18:12.874   821 24676 E mm-camera: <IMGLIB><ERROR> 3396: module_faceproc_client_exec: rc -4
11-19 10:18:12.879   821 24676 I mm-camera: <ISP   >< INFO> 451: be_stats44_trigger_update: warning: Denomitor is zero hnum 0 vnum 0
11-19 10:18:12.891 21509 21516 I art     : Ignoring second debugger -- accepting and dropping
11-19 10:18:12.909   821 24659 I mm-camera: <IFACE >< INFO> 2173: iface_streamon: X
11-19 10:18:12.909   821 24676 I mm-camera: <IFACE >< INFO> 1593: iface_streamon_to_thread: iface_streamon_to_thread: X, session id = 1, user stream id = 3
11-19 10:18:12.909   821 24676 I mm-camera: <MCT   >< INFO> 3827: mct_pipeline_process_set:  STREAM-ON success for stream 0x10003, stream type=11
11-19 10:18:12.916 28810 28817 I art     : Ignoring second debugger -- accepting and dropping
11-19 10:18:12.932  2011  2011 D NetworkController.WifiSignalController: Change in state from: connected=true,enabled=true,level=4,inetCondition=1,iconGroup=IconGroup(Wi-Fi Icons),activityIn=true,activityOut=true,rssi=-42,lastModified=11-19 10:18:11,ssid="gyt"
11-19 10:18:12.932  2011  2011 D NetworkController.WifiSignalController: 	to: connected=true,enabled=true,level=4,inetCondition=1,iconGroup=IconGroup(Wi-Fi Icons),activityIn=false,activityOut=false,rssi=-42,lastModified=11-19 10:18:11,ssid="gyt"
11-19 10:18:12.932  2011  2011 D WifiSignalController: notifyListeners visibleWhenEnabled=false wifiVisible=true
11-19 10:18:12.932  2011  2011 D HyteraStatusBarWifiView: setWifiIndicators mWifiVisible=true
11-19 10:18:12.932  2011  2011 D wifiview: HyteraStatusBarWifiView apply() NrmUtils.hideWlanMenu()=false
11-19 10:18:12.932  1497 23903 I PackageManager:  checkUidPermission permName = android.permission.STATUS_BAR ; uid = 10035
11-19 10:18:12.933  1497  2204 I PackageManager:  checkUidPermission permName = android.permission.STATUS_BAR ; uid = 10035
11-19 10:18:12.933  1497 22533 I PackageManager:  checkUidPermission permName = android.permission.ACCESS_WIFI_STATE ; uid = 10035
11-19 10:18:12.934  2011  2011 D WifiTile: setWifiIndicators enabled=true oldWifiEnable=true description="gyt" connectedString="gyt" getWifiState=3 needshow=false mEnable=false
11-19 10:18:12.934  1497  5623 I PackageManager:  checkUidPermission permName = android.permission.ACCESS_WIFI_STATE ; uid = 10035
11-19 10:18:12.935  2011  2011 D WifiTile: setWifiIndicators enabled=true oldWifiEnable=true description="gyt" connectedString="gyt" getWifiState=3 needshow=false mEnable=false
11-19 10:18:12.935  1497  2590 I PackageManager:  checkUidPermission permName = android.permission.ACCESS_WIFI_STATE ; uid = 10035
11-19 10:18:12.935  2011  2011 D WifiTile: setWifiIndicators enabled=true oldWifiEnable=true description="gyt" connectedString="gyt" getWifiState=3 needshow=false mEnable=false
11-19 10:18:12.935  2011  2011 D PhoneStatusBar: ~~~~~~~~~~setIcon slot=wifi
11-19 10:18:12.935  2011  2011 D StatusBarIconController: applyIconTint
11-19 10:18:12.936  2011  2011 D SignalClusterView: setIconTint changed=false
11-19 10:18:12.940   821 24747 I mm-camera: <ISP   >< INFO> 1260: isp_handler_module_handle_reg_update:  Warning! Invalid reg_update state 0
11-19 10:18:12.944  2189  2196 I art     : Ignoring second debugger -- accepting and dropping
11-19 10:18:12.957 24728 24728 W System  : ClassLoader referenced unknown path: /data/app/com.zzw.live-2/lib/arm64
11-19 10:18:12.966  7034  7034 W Camera3-OutputStream: disconnectLocked: While disconnecting stream 0 from native window, the native window died from under us
11-19 10:18:12.966  7034  7034 I Camera3-Device: disconnect: E
11-19 10:18:12.967  7034  7034 I QCamera : <HAL><INFO> static int qcamera::QCamera3HardwareInterface::close_camera_device(struct hw_device_t *): 10823: [KPI Perf]: E camera id 0
11-19 10:18:12.967  7034  7034 I QTI PowerHAL: Got process_video_encode_hint
11-19 10:18:12.971  2575  2582 I art     : Ignoring second debugger -- accepting and dropping
11-19 10:18:12.972   821 24676 I mm-camera: <MCT   >< INFO> 3674: mct_pipeline_process_set: command=8000009
11-19 10:18:12.972   821 24676 I mm-camera: <MCT   >< INFO> 3812: mct_pipeline_process_set:  STREAM-OFF on stream 0x10003 stream type=11
11-19 10:18:12.973   821 24676 I mm-camera: <IFACE >< INFO> 1619: iface_streamoff_to_thread: iface_streamoff_to_thread: E, session id = 1, user stream id = 3
11-19 10:18:12.973   821 24659 I mm-camera: <IFACE >< INFO> 2211: iface_streamoff: E, session_id 1 mct_stream_id = 3
11-19 10:18:12.973   821 24659 I mm-camera: <IFACE >< INFO> 10978: iface_util_get_user_streams_by_bundle: streamoff, first bundled streamoff all bindled streams!
11-19 10:18:12.976   821 24659 I mm-camera: <IFACE >< INFO> 2401: iface_streamoff: session_id = 1, active_streams = 0
11-19 10:18:12.976   821 24659 I mm-camera: <IFACE >< INFO> 2483: iface_streamoff: X
11-19 10:18:12.976   821 24676 I mm-camera: <IFACE >< INFO> 1645: iface_streamoff_to_thread: iface_streamoff_to_thread: X, session id = 1, user stream id = 3
11-19 10:18:12.976   821 24676 I mm-camera: <MCT   >< INFO> 3827: mct_pipeline_process_set:  STREAM-OFF success for stream 0x10003, stream type=11
11-19 10:18:12.976  1497  2771 I PackageManager:  checkUidPermission permName = android.permission.INTERACT_ACROSS_USERS_FULL ; uid = 10106
11-19 10:18:12.976  1497  2771 I PackageManager:  checkUidPermission permName = android.permission.REAL_GET_TASKS ; uid = 10106
11-19 10:18:12.976  1497  2771 I PackageManager:  checkUidPermission permName = android.permission.GET_TASKS ; uid = 10106
11-19 10:18:12.977   821 24676 I mm-camera: <MCT   >< INFO> 3674: mct_pipeline_process_set: command=8000009
11-19 10:18:12.977   821 24676 I mm-camera: <MCT   >< INFO> 3812: mct_pipeline_process_set:  STREAM-OFF on stream 0x10002 stream type=1
11-19 10:18:12.977 24728 24728 I InstantRun: starting instant run server: is main process
11-19 10:18:12.980   821 24676 I mm-camera: <CPP   >< INFO> 3927: cpp_module_handle_streamoff_event: info: doing stream-off for identity 0x10002
11-19 10:18:12.982   821 24663 I mm-camera: <CPP   >< INFO> 359: cpp_hardware_set_clock: Set clock 100000000 BW avg 0 BW inst 0
11-19 10:18:12.983   821 24676 I mm-camera: <CPP   >< INFO> 4112: cpp_module_handle_streamoff_event: info: stream-off done for identity 0x10002
11-19 10:18:12.983   821 24676 I mm-camera: <IFACE >< INFO> 1619: iface_streamoff_to_thread: iface_streamoff_to_thread: E, session id = 1, user stream id = 2
11-19 10:18:12.983   821 24659 I mm-camera: <IFACE >< INFO> 2211: iface_streamoff: E, session_id 1 mct_stream_id = 2
11-19 10:18:12.983   821 24659 I mm-camera: <IFACE >< INFO> 10984: iface_util_get_user_streams_by_bundle: skip streamoff! left 0 bundled streamoff, mct stream id 2total bundled stream num = 2
11-19 10:18:12.984   821 24659 I mm-camera: <IFACE >< INFO> 2420: iface_streamoff: session id = 0x1,Delta between vfe irqs 0 sec 0 usec
11-19 10:18:12.986   821 24659 I mm-camera: <IFACE >< INFO> 10029: iface_util_release_resource: camif_cnt= 0, rdi_cnt= 0, used mask 10000
11-19 10:18:12.988   821 24659 I mm-camera: <IFACE >< INFO> 2478: iface_streamoff: all bundled stream streamoff, clear hal bundled mask
11-19 10:18:12.988   821 24659 I mm-camera: <IFACE >< INFO> 2483: iface_streamoff: X
11-19 10:18:12.988   821 24676 I mm-camera: <IFACE >< INFO> 1645: iface_streamoff_to_thread: iface_streamoff_to_thread: X, session id = 1, user stream id = 2
11-19 10:18:12.988   821 24676 I mm-camera: <MCT   >< INFO> 177: stop_sof_check_thread: Stopping SOF timeout thread session =1
11-19 10:18:12.988   821 24749 I mm-camera: <MCT   >< INFO> 114: mct_bus_sof_thread_run: Closing SOF tracker thread
11-19 10:18:12.988   821 24676 I mm-camera: <MCT   >< INFO> 3827: mct_pipeline_process_set:  STREAM-OFF success for stream 0x10002, stream type=1
11-19 10:18:12.989   821 24676 I mm-camera: <MCT   >< INFO> 3674: mct_pipeline_process_set: command=8000009
11-19 10:18:12.989   821 24676 I mm-camera: <MCT   >< INFO> 3812: mct_pipeline_process_set:  STREAM-OFF on stream 0x10001 stream type=7
11-19 10:18:12.990   821 24676 I mm-camera: <MCT   >< INFO> 3827: mct_pipeline_process_set:  STREAM-OFF success for stream 0x10001, stream type=7
11-19 10:18:12.999   821 24676 I mm-camera: <MCT   >< INFO> 3674: mct_pipeline_process_set: command=800000b
11-19 10:18:12.999   821 24676 I mm-camera: <MCT   >< INFO> 3892: mct_pipeline_process_set: Issuing DEL_STREAM on stream 0x10002 and stream type=1
11-19 10:18:12.999   821 24676 I mm-camera: <IFACE >< INFO> 671: iface_unreserve_sink_port: stream_id 2 mode 0 
11-19 10:18:12.999   821 24676 I mm-camera: <ISP   >< INFO> 890: isp_port_check_caps_unreserve: ide 10002 port 0xf17f9fc0
11-19 10:18:13.000   821 24676 I mm-camera: <MCT   >< INFO> 3903: mct_pipeline_process_set: Stream 0x10002 and stream type=1, successfully deleted
11-19 10:18:13.001   821 24676 I mm-camera: <MCT   >< INFO> 3674: mct_pipeline_process_set: command=800000b
11-19 10:18:13.001   821 24676 I mm-camera: <MCT   >< INFO> 3892: mct_pipeline_process_set: Issuing DEL_STREAM on stream 0x10003 and stream type=11
11-19 10:18:13.001   821 24676 I mm-camera: <IFACE >< INFO> 671: iface_unreserve_sink_port: stream_id 3 mode 0 
11-19 10:18:13.001   821 24676 I mm-camera: <ISP   >< INFO> 890: isp_port_check_caps_unreserve: ide 10003 port 0xf17f9fc0
11-19 10:18:13.001   821 24676 I mm-camera: <MCT   >< INFO> 3903: mct_pipeline_process_set: Stream 0x10003 and stream type=11, successfully deleted
11-19 10:18:13.002   821 24676 I mm-camera: <MCT   >< INFO> 3674: mct_pipeline_process_set: command=800000b
11-19 10:18:13.002   821 24676 I mm-camera: <MCT   >< INFO> 3892: mct_pipeline_process_set: Issuing DEL_STREAM on stream 0x10001 and stream type=7
11-19 10:18:13.002   821 24676 I mm-camera: <MCT   >< INFO> 3903: mct_pipeline_process_set: Stream 0x10001 and stream type=7, successfully deleted
11-19 10:18:13.002   821 24676 I mm-camera: <ISP   >< INFO> 6629: isp_util_print_meta_stream_info: Deallocate resources
11-19 10:18:13.005   821 24676 I mm-camera: <ISP   >< INFO> 2537: isp_resource_allocate: INFO: ISP resource acquired: session 1 num_isp 1
11-19 10:18:13.006   821 24676 I mm-camera: <ISP   >< INFO> 2539: isp_resource_allocate: INFO: ISP resource acquired: hw_id 1
11-19 10:18:13.006   821 24676 I mm-camera: <ISP   >< INFO> 6479: isp_util_decide_stream_mapping: stream_port_map num streams 0
11-19 10:18:13.006   821 24676 E mm-camera: <MCT   ><ERROR> 1082: mct_pipeline_decide_hw_wakeup: Couldn't find meta stream
11-19 10:18:13.010  7034  7034 I QCamera : <HAL><INFO> int qcamera::QCamera3HardwareInterface::closeCamera(): 882: [KPI Perf]: E PROFILE_CLOSE_CAMERA camera id 0
11-19 10:18:13.011   821   821 I mm-camera: <MCT   >< INFO> 216: mct_controller_destroy: Initiating destroy sequence for session = 1
11-19 10:18:13.012   821   821 I mm-camera: <MCT   >< INFO> 234: mct_controller_destroy: serv_thread closed
11-19 10:18:13.012   821   821 I mm-camera: <MCT   >< INFO> 249: mct_controller_destroy: bus_handler thread closed
11-19 10:18:13.012   821   821 I mm-camera: <MCT   >< INFO> 4633: mct_pipeline_stop_session: Initiating stop_session on session 1
11-19 10:18:13.012   821   821 I mm-camera: <MCT   >< INFO> 3674: mct_pipeline_process_set: command=800000b
11-19 10:18:13.012   821   821 I mm-camera: <MCT   >< INFO> 3892: mct_pipeline_process_set: Issuing DEL_STREAM on stream 0x1000f and stream type=10
11-19 10:18:13.012   821   821 I mm-camera: <IFACE >< INFO> 671: iface_unreserve_sink_port: stream_id f mode 0 
11-19 10:18:13.013   821   821 I mm-camera: <ISP   >< INFO> 890: isp_port_check_caps_unreserve: ide 1000f port 0xf17f9fc0
11-19 10:18:13.015   821   821 I mm-camera: <MCT   >< INFO> 3903: mct_pipeline_process_set: Stream 0x1000f and stream type=10, successfully deleted
11-19 10:18:13.015   821 24756 I mm-camera: <MCT   >< INFO> 4367: mct_pipeline_stop_session_thread: Stop module name: sensor - E
11-19 10:18:13.015 22166 22173 I art     : Ignoring second debugger -- accepting and dropping
11-19 10:18:13.016   821 24757 I mm-camera: <MCT   >< INFO> 4367: mct_pipeline_stop_session_thread: Stop module name: iface - E
11-19 10:18:13.018   821 24757 I mm-camera: <MCT   >< INFO> 4375: mct_pipeline_stop_session_thread: Stop module name: iface - X
11-19 10:18:13.018   821 24758 I mm-camera: <MCT   >< INFO> 4367: mct_pipeline_stop_session_thread: Stop module name: isp - E
11-19 10:18:13.018   821 24758 I mm-camera: <ISP   >< INFO> 491: isp_module_stop_session: session id 1
11-19 10:18:13.018   821 24758 I mm-camera: <ISP   >< INFO> 532: isp_module_stop_session: warning: ISP resource is not freed on time!
11-19 10:18:13.019   821 24759 I mm-camera: <MCT   >< INFO> 4367: mct_pipeline_stop_session_thread: Stop module name: stats - E
11-19 10:18:13.029   821 24760 I mm-camera: <MCT   >< INFO> 4367: mct_pipeline_stop_session_thread: Stop module name: pproc - E
11-19 10:18:13.030   821 24761 I mm-camera: <MCT   >< INFO> 4367: mct_pipeline_stop_session_thread: Stop module name: imglib - E
11-19 10:18:13.030   821   821 I mm-camera: <MCT   >< INFO> 4655: mct_pipeline_stop_session: Modules left: 5
11-19 10:18:13.031   821 24761 I mm-camera: <MCT   >< INFO> 4375: mct_pipeline_stop_session_thread: Stop module name: imglib - X
11-19 10:18:13.031   821   821 I mm-camera: <MCT   >< INFO> 4655: mct_pipeline_stop_session: Modules left: 4
11-19 10:18:13.031   821 24760 D QCameraQuadraCfa: int img_algo_shutdown(img_frame_ops_t*):147 : E
11-19 10:18:13.031   821 24760 E quadracfa_dummy: inside dummy remosaic_deinit 1
11-19 10:18:13.031   821 24760 D QCameraQuadraCfa: int img_algo_shutdown(img_frame_ops_t*):151 : X
11-19 10:18:13.031   821 24760 I mm-camera: <MCT   >< INFO> 4375: mct_pipeline_stop_session_thread: Stop module name: pproc - X
11-19 10:18:13.032   821   821 I mm-camera: <MCT   >< INFO> 4655: mct_pipeline_stop_session: Modules left: 3
11-19 10:18:13.033   821 24758 I mm-camera: <MCT   >< INFO> 4375: mct_pipeline_stop_session_thread: Stop module name: isp - X
11-19 10:18:13.033   821   821 I mm-camera: <MCT   >< INFO> 4655: mct_pipeline_stop_session: Modules left: 2
11-19 10:18:13.034   821 24759 I mm-camera: <MCT   >< INFO> 4375: mct_pipeline_stop_session_thread: Stop module name: stats - X
11-19 10:18:13.035   821   821 I mm-camera: <MCT   >< INFO> 4655: mct_pipeline_stop_session: Modules left: 1
11-19 10:18:13.060 19863 19870 I art     : Ignoring second debugger -- accepting and dropping
11-19 10:18:13.061 24728 24728 W art     : Before Android 4.1, method android.graphics.PorterDuffColorFilter android.support.graphics.drawable.VectorDrawableCompat.updateTintFilter(android.graphics.PorterDuffColorFilter, android.content.res.ColorStateList, android.graphics.PorterDuff$Mode) would have incorrectly overridden the package-private method in android.graphics.drawable.Drawable
11-19 10:18:13.070 24728 24728 V Activity: onCreate com.zzw.live.MainActivity@2ed5ec2: Bundle[{android:viewHierarchyState=Bundle[mParcelledData.dataSize=680], android:fragments=android.app.FragmentManagerState@cfca810}]
11-19 10:18:13.073   654   734 E libnav  : CablComputeBacklightLevel(): UpdateType = DifferentSceneUpdate
11-19 10:18:13.074  1497 19281 I PackageManager:  checkUidPermission permName = android.permission.INTERACT_ACROSS_USERS ; uid = 10106
11-19 10:18:13.075  1497  1528 I PackageManager:  checkUidPermission permName = android.permission.INTERACT_ACROSS_USERS_FULL ; uid = 10106
11-19 10:18:13.104 16663 16670 I art     : Ignoring second debugger -- accepting and dropping
11-19 10:18:13.109   821 24756 I mm-camera: <MCT   >< INFO> 4375: mct_pipeline_stop_session_thread: Stop module name: sensor - X
11-19 10:18:13.109   821   821 I mm-camera: <MCT   >< INFO> 4655: mct_pipeline_stop_session: Modules left: 0
11-19 10:18:13.109   821   821 I mm-camera: <MCT   >< INFO> 4664: mct_pipeline_stop_session: Stopped session 1 successfully
11-19 10:18:13.109   821   821 I mm-camera: <MCT   >< INFO> 4941: mct_pipeline_destroy: E: session:1
11-19 10:18:13.109   821   821 I mm-camera: <MCT   >< INFO> 5014: mct_pipeline_destroy: X: Pipeline destroyed successfully session =1
11-19 10:18:13.109   821   821 I mm-camera: <MCT   >< INFO> 282: mct_controller_destroy: X Successfully closed mct_controller session 1
11-19 10:18:13.111   586   630 I SDM     : ResourceImpl::SetMaxBandwidthMode: new bandwidth mode=0
11-19 10:18:13.111  7034  7034 I CameraService: onTorchStatusChangedLocked: Torch status changed for cameraId=0, newStatus=1
11-19 10:18:13.111  7034  7034 I QCamera : <HAL><INFO> int qcamera::QCamera3HardwareInterface::closeCamera(): 924: [KPI Perf]: X PROFILE_CLOSE_CAMERA camera id 0, rc: 0
11-19 10:18:13.112  7034  7034 I QCamera : <HAL><INFO> static int qcamera::QCamera3HardwareInterface::close_camera_device(struct hw_device_t *): 10825: [KPI Perf]: X
11-19 10:18:13.112  7034  7034 I Camera3-Device: disconnect: X
11-19 10:18:13.112  7034  7034 I Camera3-Device: disconnect: E
11-19 10:18:13.113  2011  2228 D FlashlightTile: onFlashlightAvailabilityChangedtrue
11-19 10:18:13.113  2011  2228 D FlashlightTile: onFlashlightAvailabilityChangedtrue
11-19 10:18:13.114  1497  2203 I PackageManager:  checkUidPermission permName = android.permission.UPDATE_APP_OPS_STATS ; uid = 1047
11-19 10:18:13.115  2011  2236 D FlashlightTile: FlashlightTile state.visible=false mhideMode=0 mFlashlightController.isEnabled()=false
11-19 10:18:13.115 12282 12282 D wpa_supplicant: wlan0: Control interface command 'SIGNAL_POLL'
11-19 10:18:13.118  7034  7034 I CameraService: disconnect: Disconnected client for camera 0 for PID 24604
11-19 10:18:13.118  7034  7034 I Camera2Client: Camera 0: Closed
11-19 10:18:13.118  7034  7034 I Camera2ClientBase: Closed Camera 0. Client was: com.zzw.live (PID 24604, UID 10106)
11-19 10:18:13.118  2011  2300 D FlashlightTile: FlashlightTile state.visible=false mhideMode=0 mFlashlightController.isEnabled()=false
11-19 10:18:13.118   797 28952 D NuPlayerDriver: reset(0xe704eea0) at state 4
11-19 10:18:13.118   797 28952 D NuPlayerDriver: notifyListener_l(0xe704eea0), (8, 0, 0), loop setting(0, 0)
11-19 10:18:13.119   797 24648 W AMessage: failed to post message as target looper for handler 0 is gone.
11-19 10:18:13.119   797 24648 D NuPlayerDriver: notifyResetComplete(0xe704eea0)
11-19 10:18:13.121   797 28952 D NuPlayerDriver: reset(0xe704f0e0) at state 4
11-19 10:18:13.121   797 28952 D NuPlayerDriver: notifyListener_l(0xe704f0e0), (8, 0, 0), loop setting(0, 0)
11-19 10:18:13.121   797 24650 W AMessage: failed to post message as target looper for handler 0 is gone.
11-19 10:18:13.121   797 24650 D NuPlayerDriver: notifyResetComplete(0xe704f0e0)
11-19 10:18:13.122   797   797 D NuPlayerDriver: reset(0xe704ef60) at state 4
11-19 10:18:13.122   797   797 D NuPlayerDriver: notifyListener_l(0xe704ef60), (8, 0, 0), loop setting(0, 0)
11-19 10:18:13.122   797 24652 W AMessage: failed to post message as target looper for handler 0 is gone.
11-19 10:18:13.123   797 24652 D NuPlayerDriver: notifyResetComplete(0xe704ef60)
11-19 10:18:13.125  7034  7034 E CameraService: binderDied: Java client's binder died, removing it from the list of active clients
11-19 10:18:13.134 12282 12282 D wpa_supplicant: CTRL-DEBUG: global_ctrl_sock-sendto: sock=8 sndbuf=212992 outq=0 send_len=48
11-19 10:18:13.147  3353  3360 I art     : Ignoring second debugger -- accepting and dropping
11-19 10:18:13.159  2011  2011 D BatteryMeterDrawable: draw level=100 tracker.plugged=false
11-19 10:18:13.159  2011  2011 D BatteryMeterDrawable: [battery shape] mButtonFrame(24.0,4.2,26.2,12.12
11-19 10:18:13.159  2011  2011 D BatteryMeterDrawable: [battery shape] mFrame(0.20000005,0.20000005,23.88,16.12
11-19 10:18:13.159  2011  2011 D BatteryMeterDrawable: 111battery draw charging=true
11-19 10:18:13.171  1497  2204 I ActivityManager: START u0 {act=android.content.pm.action.REQUEST_PERMISSIONS pkg=com.android.packageinstaller cmp=com.android.packageinstaller/.permission.ui.GrantPermissionsActivity (has extras)} from uid 10106 on display 0
11-19 10:18:13.171  1497  2204 I PackageManager:  checkUidPermission permName = android.permission.START_ANY_ACTIVITY ; uid = 10106
11-19 10:18:13.172  1497  2204 I ActivityManager: isRing ==false
11-19 10:18:13.172  1497  2204 I ActivityManager: in startActivityLocked---go on start there is not ringing incoming call or not HomeActivity. before abort==false
11-19 10:18:13.174  1497  2204 D ActivityTrigger: ActivityTrigger activityPauseTrigger 
11-19 10:18:13.175  1497  2204 D PowerManagerService: acquireWakeLockInternal: lock=19165590, flags=0x1, tag="*launch*", ws=WorkSource{10028}, uid=1000, pid=1497
11-19 10:18:13.177  2011  2011 D PhoneStatusBar: hiding the MENU button
11-19 10:18:13.178  2011  2011 D PhoneStatusBar: hiding the MENU button
11-19 10:18:13.181 24728 24728 V Activity: onStart com.zzw.live.MainActivity@2ed5ec2
11-19 10:18:13.184 24728 24728 V Activity: onResume com.zzw.live.MainActivity@2ed5ec2
11-19 10:18:13.185 21529 21537 I art     : Ignoring second debugger -- accepting and dropping
11-19 10:18:13.212  2591  2598 I art     : Ignoring second debugger -- accepting and dropping
11-19 10:18:13.214 24728 24728 V Activity: onPause com.zzw.live.MainActivity@2ed5ec2 getComponentName()=ComponentInfo{com.zzw.live/com.zzw.live.MainActivity}
11-19 10:18:13.216  2011  2011 D PhoneStatusBar: hiding the MENU button
11-19 10:18:13.224  1497  1576 I PackageManager:  checkUidPermission permName = android.permission.INTERNET ; uid = 10028
11-19 10:18:13.224  1497  1576 I PackageManager:  checkUidPermission permName = android.permission.INTERNET ; uid = 10028
11-19 10:18:13.226  2011  2011 D PhoneStatusBar: hiding the MENU button
11-19 10:18:13.227 21949 21949 V Activity: onCreate com.android.packageinstaller.permission.ui.GrantPermissionsActivity@6f220d3: null
11-19 10:18:13.228  1497  1973 I PackageManager: uid = 10028, packageUid = 10106; callPackageName=com.android.packageinstaller
11-19 10:18:13.241  9638  9646 I art     : Ignoring second debugger -- accepting and dropping
11-19 10:18:13.241  1497 23903 I PackageManager:  checkUidPermission permName = android.permission.UPDATE_APP_OPS_STATS ; uid = 10028
11-19 10:18:13.244  1497 22533 I PackageManager:  checkUidPermission permName = android.permission.GRANT_RUNTIME_PERMISSIONS ; uid = 10028
11-19 10:18:13.244  1497  5623 I PackageManager:  checkUidPermission permName = android.permission.STATUS_BAR ; uid = 10106
11-19 10:18:13.245  1497  2762 I PackageManager:  checkUidPermission permName = android.permission.UPDATE_APP_OPS_STATS ; uid = 10028
11-19 10:18:13.246  1497  2649 I PackageManager:  checkUidPermission permName = android.permission.GRANT_RUNTIME_PERMISSIONS ; uid = 10028
11-19 10:18:13.248  2011  2011 D PhoneStatusBar: hiding the MENU button
11-19 10:18:13.250  1497 30584 I PackageManager:  checkUidPermission permName = android.permission.UPDATE_APP_OPS_STATS ; uid = 10028
11-19 10:18:13.250  1497  2352 I PackageManager:  checkUidPermission permName = android.permission.GRANT_RUNTIME_PERMISSIONS ; uid = 10028
11-19 10:18:13.260  2011  2011 D PhoneStatusBar: hiding the MENU button
11-19 10:18:13.263 24728 24762 I Adreno  : QUALCOMM build                   : e7613a3, Ic9bf3e29b1
11-19 10:18:13.263 24728 24762 I Adreno  : Build Date                       : 10/16/17
11-19 10:18:13.263 24728 24762 I Adreno  : OpenGL ES Shader Compiler Version: XE031.09.00.04
11-19 10:18:13.263 24728 24762 I Adreno  : Local Branch                     : 
11-19 10:18:13.263 24728 24762 I Adreno  : Remote Branch                    : quic/gfx-adreno.lnx.1.0.r5-rel
11-19 10:18:13.263 24728 24762 I Adreno  : Remote Branch                    : NONE
11-19 10:18:13.263 24728 24762 I Adreno  : Reconstruct Branch               : NOTHING
11-19 10:18:13.272  2011  2011 D PhoneStatusBar: hiding the MENU button
11-19 10:18:13.275 24728 24762 I OpenGLRenderer: Initialized EGL, version 1.4
11-19 10:18:13.275 24728 24762 D OpenGLRenderer: Swap behavior 1
11-19 10:18:13.275  1497 13361 D ActivityTrigger: ActivityTrigger activityPauseTrigger 
11-19 10:18:13.275  1497 13361 D PowerManagerService: acquireWakeLockInternal: lock=19165590, flags=0x1, tag="*launch*", ws=WorkSource{10028}, uid=1000, pid=1497
11-19 10:18:13.280  2011  2011 D PhoneStatusBar: hiding the MENU button
11-19 10:18:13.287  2011  2011 D PhoneStatusBar: hiding the MENU button
11-19 10:18:13.287 27046 27053 I art     : Ignoring second debugger -- accepting and dropping
11-19 10:18:13.291  2011  2011 D PhoneStatusBar: hiding the MENU button
11-19 10:18:13.291  2011  2011 D PhoneStatusBar: hiding the MENU button
11-19 10:18:13.301 24728 24728 W art     : Before Android 4.1, method int android.support.v7.widget.ListViewCompat.lookForSelectablePosition(int, boolean) would have incorrectly overridden the package-private method in android.widget.ListView
11-19 10:18:13.308  2858  2866 I art     : Ignoring second debugger -- accepting and dropping
11-19 10:18:13.323  1497  2203 I PackageManager:  checkUidPermission permName = android.permission.REAL_GET_TASKS ; uid = 10035
11-19 10:18:13.325  1497 21796 I PackageManager:  checkUidPermission permName = android.permission.INTERACT_ACROSS_USERS ; uid = 10035
11-19 10:18:13.325  1497 21796 I PackageManager:  checkUidPermission permName = android.permission.MANAGE_USERS ; uid = 10035
11-19 10:18:13.326  1497  2038 I PackageManager:  checkUidPermission permName = android.permission.MANAGE_USERS ; uid = 10035
11-19 10:18:13.326  1497  2621 I PackageManager:  checkUidPermission permName = android.permission.INTERACT_ACROSS_USERS_FULL ; uid = 10035
11-19 10:18:13.327  1497  2621 I PackageManager:  checkUidPermission permName = android.permission.REAL_GET_TASKS ; uid = 10035
11-19 10:18:13.327  1497  2621 I PackageManager:  checkUidPermission permName = android.permission.GET_DETAILED_TASKS ; uid = 10035
11-19 10:18:13.327  1497  2621 I PackageManager:  checkUidPermission permName = android.permission.MANAGE_USERS ; uid = 10035
11-19 10:18:13.328  2011  2011 D SystemServicesProxy: whetherExcludeFromRecent  for com.zzw.live  false
11-19 10:18:13.328  2011  2011 D SystemServicesProxy: whetherExcludeFromRecent  for com.android.gallery3d  false
11-19 10:18:13.328  2011  2011 D SystemServicesProxy: whetherExcludeFromRecent  for com.android.settings  false
11-19 10:18:13.328  2011  2011 D SystemServicesProxy: whetherExcludeFromRecent  for com.live.greatness  false
11-19 10:18:13.328  2011  2011 D SystemServicesProxy: whetherExcludeFromRecent  for com.android.documentsui  false
11-19 10:18:13.328  2011  2011 D SystemServicesProxy: whetherExcludeFromRecent  for com.wy.mptt  false
11-19 10:18:13.328  2011  2011 D SystemServicesProxy: whetherExcludeFromRecent  for com.sigma_rt.totalcontrol  false
11-19 10:18:13.328  2011  2011 D SystemServicesProxy: whetherExcludeFromRecent  for com.miyi.ktuwr  false
11-19 10:18:13.328  2011  2011 D SystemServicesProxy: whetherExcludeFromRecent  for com.android.calendar  false
11-19 10:18:13.328  2011  2011 D SystemServicesProxy: whetherExcludeFromRecent  for com.great.sweetcamera  false
11-19 10:18:13.329  2011  2011 D SystemServicesProxy: whetherExcludeFromRecent  for com.hytalkpro.ocean  false
11-19 10:18:13.329  2011  2011 D SystemServicesProxy: whetherExcludeFromRecent  for com.hytera.contacts  false
11-19 10:18:13.329  2011  2011 D SystemServicesProxy: whetherExcludeFromRecent  for com.hytera.tips  false
11-19 10:18:13.329  2011  2011 D SystemServicesProxy: whetherExcludeFromRecent  for com.google.grafika  false
11-19 10:18:13.329  2011  2011 D SystemServicesProxy: whetherExcludeFromRecent  for com.hytera.appstore  false
11-19 10:18:13.329  2011  2011 D SystemServicesProxy: whetherExcludeFromRecent  for com.android.settings  false
11-19 10:18:13.329  2011  2011 D SystemServicesProxy: whetherExcludeFromRecent  for com.qualcomm.qti.sensors.qsensortest  false
11-19 10:18:13.329  2011  2011 D SystemServicesProxy: whetherExcludeFromRecent  for com.hytera.networkpriority  false
11-19 10:18:13.329  1497  2656 I PackageManager:  checkUidPermission permName = android.permission.INTERACT_ACROSS_USERS ; uid = 10035
11-19 10:18:13.329  1497  2656 I PackageManager:  checkUidPermission permName = android.permission.MANAGE_USERS ; uid = 10035
