--------- beginning of main
11-19 10:18:06.959  2011  2011 D BatteryMeterDrawable: draw level=100 tracker.plugged=false
11-19 10:18:06.959  2011  2011 D BatteryMeterDrawable: [battery shape] mButtonFrame(24.0,4.2,26.2,12.12
11-19 10:18:06.959  2011  2011 D BatteryMeterDrawable: [battery shape] mFrame(0.20000005,0.20000005,23.88,16.12
11-19 10:18:06.959  2011  2011 D BatteryMeterDrawable: 111battery draw charging=true
11-19 10:18:07.064 12282 12282 D wpa_supplicant: wlan0: Control interface command 'SIGNAL_POLL'
11-19 10:18:07.081 12282 12282 D wpa_supplicant: CTRL-DEBUG: global_ctrl_sock-sendto: sock=8 sndbuf=212992 outq=0 send_len=48
11-19 10:18:07.478  2011  2011 D BatteryMeterDrawable: draw level=100 tracker.plugged=false
11-19 10:18:07.478  2011  2011 D BatteryMeterDrawable: [battery shape] mButtonFrame(24.0,4.2,26.2,12.12
11-19 10:18:07.478  2011  2011 D BatteryMeterDrawable: [battery shape] mFrame(0.20000005,0.20000005,23.88,16.12
11-19 10:18:07.478  2011  2011 D BatteryMeterDrawable: 111battery draw charging=true
11-19 10:18:07.996  2011  2011 D BatteryMeterDrawable: draw level=100 tracker.plugged=false
11-19 10:18:07.996  2011  2011 D BatteryMeterDrawable: [battery shape] mButtonFrame(24.0,4.2,26.2,12.12
11-19 10:18:07.996  2011  2011 D BatteryMeterDrawable: [battery shape] mFrame(0.20000005,0.20000005,23.88,16.12
11-19 10:18:07.996  2011  2011 D BatteryMeterDrawable: 111battery draw charging=true
11-19 10:18:08.514  2011  2011 D BatteryMeterDrawable: draw level=100 tracker.plugged=false
11-19 10:18:08.515  2011  2011 D BatteryMeterDrawable: [battery shape] mButtonFrame(24.0,4.2,26.2,12.12
11-19 10:18:08.515  2011  2011 D BatteryMeterDrawable: [battery shape] mFrame(0.20000005,0.20000005,23.88,16.12
11-19 10:18:08.515  2011  2011 D BatteryMeterDrawable: 111battery draw charging=true
11-19 10:18:08.530 20340 20372 I USBService: send udp to check mobileagent state.
11-19 10:18:08.535 20340 20376 I ===Mrcp===: sending cmd:276
11-19 10:18:08.536 20340 20506 I USBService: command is : [277] 
11-19 10:18:08.536 20340 20506 I USBService: res:-131070 res2:2 opt:-2
11-19 10:18:08.536 20340 20506 I USBService: 	 mobileagent state:-2. 
11-19 10:18:08.536 20340 20372 I USBService: get mobileagent state 1 and current mobileagent state 1 and usb state of connection true
11-19 10:18:08.628 20340 20369 I ===DaemonService===: ############## Rotation : 0
11-19 10:18:08.628 20340 20369 I ===DaemonService===: ScreenOrientationThread:0 screentOrientation:0
11-19 10:18:08.629 20340 20371 I ===APKProtocolTransmit===: Ready send su-cmd:275
11-19 10:18:08.629 20340 20371 I ===APKProtocolTransmit===: Start send su-cmd:275 length[14]
11-19 10:18:08.629 20340 20371 I ===APKProtocolTransmit===: Will write content:the C socket has not been connected,so dicard the send command:[275]
11-19 10:18:08.630 20340 20371 I ===APKProtocolTransmit===: End send sb-cmd:275
11-19 10:18:09.032  2011  2011 D BatteryMeterDrawable: draw level=100 tracker.plugged=false
11-19 10:18:09.032  2011  2011 D BatteryMeterDrawable: [battery shape] mButtonFrame(24.0,4.2,26.2,12.12
11-19 10:18:09.032  2011  2011 D BatteryMeterDrawable: [battery shape] mFrame(0.20000005,0.20000005,23.88,16.12
11-19 10:18:09.032  2011  2011 D BatteryMeterDrawable: 111battery draw charging=true
11-19 10:18:09.357  1497  2649 I PackageManager:  checkUidPermission permName = android.permission.ACCESS_NETWORK_STATE ; uid = 10022
11-19 10:18:09.359  1497 23903 I PackageManager:  checkUidPermission permName = android.permission.ACCESS_WIFI_STATE ; uid = 10022
11-19 10:18:09.360  2858  3019 D NLPLOC  : wifi connect scan time < 360S
11-19 10:18:09.373  1497  4530 I PackageManager:  checkUidPermission permName = android.permission.ACCESS_FINE_LOCATION ; uid = 10022
11-19 10:18:09.374  1497  2762 I PackageManager:  checkUidPermission permName = android.permission.UPDATE_APP_OPS_STATS ; uid = 1001
11-19 10:18:09.375  1497  2771 I PackageManager:  checkUidPermission permName = android.permission.INTERACT_ACROSS_USERS ; uid = 1001
11-19 10:18:09.375  1497  2771 I PackageManager:  checkUidPermission permName = android.permission.MANAGE_USERS ; uid = 1001
11-19 10:18:09.378  1497  2589 I PackageManager:  checkUidPermission permName = android.permission.WAKE_LOCK ; uid = 1001
--------- beginning of system
11-19 10:18:09.379  1497  2589 D PowerManagerService: acquireWakeLockInternal: lock=45800193, flags=0x1, tag="RILJ", ws=null, uid=1001, pid=2189
11-19 10:18:09.390  1497 19282 I PackageManager:  checkUidPermission permName = android.permission.WAKE_LOCK ; uid = 1001
11-19 10:18:09.397  1497  2655 I PackageManager:  checkUidPermission permName = android.permission.ACCESS_FINE_LOCATION ; uid = 10022
11-19 10:18:09.398  1497 30584 I PackageManager:  checkUidPermission permName = android.permission.UPDATE_APP_OPS_STATS ; uid = 1001
11-19 10:18:09.399  1497  2619 I PackageManager:  checkUidPermission permName = android.permission.INTERACT_ACROSS_USERS ; uid = 1001
11-19 10:18:09.400  1497  2619 I PackageManager:  checkUidPermission permName = android.permission.MANAGE_USERS ; uid = 1001
11-19 10:18:09.405  2858  3019 I NLPLOC  : cell sim2 == null
11-19 10:18:09.405  2858  3019 I NLPLOC  : all cell is no valid
11-19 10:18:09.406  1497 22533 I PackageManager:  checkUidPermission permName = android.permission.ACCESS_WIFI_STATE ; uid = 10022
11-19 10:18:09.406  1497 22533 I PackageManager:  checkUidPermission permName = android.permission.PEERS_MAC_ADDRESS ; uid = 10022
11-19 10:18:09.407  1497 22533 I PackageManager:  checkUidPermission permName = android.permission.INTERACT_ACROSS_USERS_FULL ; uid = 10022
11-19 10:18:09.407  1497 22533 I PackageManager:  checkUidPermission permName = android.permission.ACCESS_FINE_LOCATION ; uid = 10022
11-19 10:18:09.412  2858  3019 D NLPLOC  : start network locating ...false  false
11-19 10:18:09.413  2858  3019 D NLP_STA : network locating ...false  false
11-19 10:18:09.423  1497  2765 I PackageManager:  checkUidPermission permName = android.permission.ACCESS_FINE_LOCATION ; uid = 10022
11-19 10:18:09.424  1497 27286 I PackageManager:  checkUidPermission permName = android.permission.UPDATE_APP_OPS_STATS ; uid = 1001
11-19 10:18:09.425  1497 21506 I PackageManager:  checkUidPermission permName = android.permission.INTERACT_ACROSS_USERS ; uid = 1001
11-19 10:18:09.425  1497 21506 I PackageManager:  checkUidPermission permName = android.permission.MANAGE_USERS ; uid = 1001
11-19 10:18:09.432  1497  2656 I PackageManager:  checkUidPermission permName = android.permission.ACCESS_FINE_LOCATION ; uid = 10022
11-19 10:18:09.433  1497  2352 I PackageManager:  checkUidPermission permName = android.permission.UPDATE_APP_OPS_STATS ; uid = 1001
11-19 10:18:09.434  1497 17015 I PackageManager:  checkUidPermission permName = android.permission.INTERACT_ACROSS_USERS ; uid = 1001
11-19 10:18:09.434  1497 17015 I PackageManager:  checkUidPermission permName = android.permission.MANAGE_USERS ; uid = 1001
11-19 10:18:09.438  2858  3019 I NLPLOC  : cell sim2 == null
11-19 10:18:09.439  2858  3019 I NLPLOC  : all cell is no valid
11-19 10:18:09.441  1497  1973 I PackageManager:  checkUidPermission permName = android.permission.ACCESS_NETWORK_STATE ; uid = 10022
11-19 10:18:09.442  1497  2769 I PackageManager:  checkUidPermission permName = android.permission.ACCESS_WIFI_STATE ; uid = 10022
11-19 10:18:09.444  1497  2769 I PackageManager:  checkUidPermission permName = android.permission.LOCAL_MAC_ADDRESS ; uid = 10022
11-19 10:18:09.448  1497  2353 I PackageManager:  checkUidPermission permName = android.permission.ACCESS_FINE_LOCATION ; uid = 10022
11-19 10:18:09.449  1497 21796 I PackageManager:  checkUidPermission permName = android.permission.UPDATE_APP_OPS_STATS ; uid = 1001
11-19 10:18:09.449  1497  2203 I PackageManager:  checkUidPermission permName = android.permission.INTERACT_ACROSS_USERS ; uid = 1001
11-19 10:18:09.450  1497  2203 I PackageManager:  checkUidPermission permName = android.permission.MANAGE_USERS ; uid = 1001
11-19 10:18:09.462  2858 24644 D NLPLOC  : upDataStr = :null
11-19 10:18:09.550  2011  2011 D BatteryMeterDrawable: draw level=100 tracker.plugged=false
11-19 10:18:09.551  2011  2011 D BatteryMeterDrawable: [battery shape] mButtonFrame(24.0,4.2,26.2,12.12
11-19 10:18:09.551  2011  2011 D BatteryMeterDrawable: [battery shape] mFrame(0.20000005,0.20000005,23.88,16.12
11-19 10:18:09.551  2011  2011 D BatteryMeterDrawable: 111battery draw charging=true
11-19 10:18:09.551  2858 24644 W NLPLOC  : https NetworkCommunicationException!
11-19 10:18:09.573  1497  5623 I PackageManager:  checkUidPermission permName = android.permission.ACCESS_NETWORK_STATE ; uid = 10022
11-19 10:18:09.580  2858  2858 E NLP     : Location result:[location failed by Baidu], reason:[location type =67]
11-19 10:18:09.580  2858  2858 E NLP     : NetworkLocation Exception: offlinelocationfail exception
11-19 10:18:09.925  2011  2011 D NetworkController.WifiSignalController: Change in state from: connected=true,enabled=true,level=4,inetCondition=1,iconGroup=IconGroup(Wi-Fi Icons),activityIn=false,activityOut=false,rssi=-42,lastModified=11-19 10:18:02,ssid="gyt"
11-19 10:18:09.925  2011  2011 D NetworkController.WifiSignalController: 	to: connected=true,enabled=true,level=4,inetCondition=1,iconGroup=IconGroup(Wi-Fi Icons),activityIn=true,activityOut=true,rssi=-42,lastModified=11-19 10:18:02,ssid="gyt"
11-19 10:18:09.925  2011  2011 D WifiSignalController: notifyListeners visibleWhenEnabled=false wifiVisible=true
11-19 10:18:09.925  2011  2011 D HyteraStatusBarWifiView: setWifiIndicators mWifiVisible=true
11-19 10:18:09.925  2011  2011 D wifiview: HyteraStatusBarWifiView apply() NrmUtils.hideWlanMenu()=false
11-19 10:18:09.926  1497  2204 I PackageManager:  checkUidPermission permName = android.permission.STATUS_BAR ; uid = 10035
11-19 10:18:09.929  1497 13361 I PackageManager:  checkUidPermission permName = android.permission.STATUS_BAR ; uid = 10035
11-19 10:18:09.930  1497  2649 I PackageManager:  checkUidPermission permName = android.permission.ACCESS_WIFI_STATE ; uid = 10035
11-19 10:18:09.930  2011  2011 D WifiTile: setWifiIndicators enabled=true oldWifiEnable=true description="gyt" connectedString="gyt" getWifiState=3 needshow=false mEnable=false
11-19 10:18:09.934  1497  4530 I PackageManager:  checkUidPermission permName = android.permission.ACCESS_WIFI_STATE ; uid = 10035
11-19 10:18:09.935  2011  2011 D WifiTile: setWifiIndicators enabled=true oldWifiEnable=true description="gyt" connectedString="gyt" getWifiState=3 needshow=false mEnable=false
11-19 10:18:09.935  1497  2762 I PackageManager:  checkUidPermission permName = android.permission.ACCESS_WIFI_STATE ; uid = 10035
11-19 10:18:09.936  2011  2011 D WifiTile: setWifiIndicators enabled=true oldWifiEnable=true description="gyt" connectedString="gyt" getWifiState=3 needshow=false mEnable=false
11-19 10:18:09.936  2011  2011 D PhoneStatusBar: ~~~~~~~~~~setIcon slot=wifi
11-19 10:18:09.936  2011  2011 D StatusBarIconController: applyIconTint
11-19 10:18:09.937  2011  2011 D SignalClusterView: setIconTint changed=false
11-19 10:18:10.068  2011  2011 D BatteryMeterDrawable: draw level=100 tracker.plugged=false
11-19 10:18:10.068  2011  2011 D BatteryMeterDrawable: [battery shape] mButtonFrame(24.0,4.2,26.2,12.12
11-19 10:18:10.068  2011  2011 D BatteryMeterDrawable: [battery shape] mFrame(0.20000005,0.20000005,23.88,16.12
11-19 10:18:10.068  2011  2011 D BatteryMeterDrawable: 111battery draw charging=true
11-19 10:18:10.089 12282 12282 D wpa_supplicant: wlan0: Control interface command 'SIGNAL_POLL'
11-19 10:18:10.108 12282 12282 D wpa_supplicant: CTRL-DEBUG: global_ctrl_sock-sendto: sock=8 sndbuf=212992 outq=0 send_len=48
11-19 10:18:10.114  1497  1844 D InputDispatcher:   Pointer 0: id=0, toolType=1, x=155.675674, y=235.705368, action=0x0
11-19 10:18:10.115  2011  2011 D PhoneStatusBar: getCalloutClockState() mCalloutLockState=false
11-19 10:18:10.116  1497 19282 I PackageManager:  checkUidPermission permName = android.permission.REAL_GET_TASKS ; uid = 10035
11-19 10:18:10.117  2011  2011 D StatusBarWindowView: dispatchTouchEvent event =ACTION_OUTSIDE isNotificationPanelViewLocked=false getCalloutClockState=false getTaskTopAPP=false isOccluded=false mService.getBarState()=0 unLockSuccess=false
11-19 10:18:10.117  1497  2655 I PackageManager:  checkUidPermission permName = android.permission.REAL_GET_TASKS ; uid = 10035
11-19 10:18:10.118  2011  2011 D PhoneStatusBar: getCalloutClockState() mCalloutLockState=false
11-19 10:18:10.119  2011  2011 D StatusBarWindowView: dispatchTouchEvent StatusBarState.SHADE--false
11-19 10:18:10.119  2011  2011 D PhoneStatusBar: getCalloutClockState() mCalloutLockState=false
11-19 10:18:10.119  2011  2011 D PhoneStatusBar: mStatusBarWindow  onTouch  ,mExpandedVisible:false
11-19 10:18:10.119  2011  2011 D StatusBarWindowView: onTouchEvent
11-19 10:18:10.119  2011  2011 D StatusBarWindowView: onTouchEvent handled=false
11-19 10:18:10.120  2011  2011 D StatusBarWindowView: onTouchEvent
11-19 10:18:10.120  2011  2011 D StatusBarWindowView: onTouchEvent handled=false
11-19 10:18:10.124 24604 24604 V BoostFramework: mAcquireFunc method = public int com.qualcomm.qti.Performance.perfLockAcquire(int,int[])
11-19 10:18:10.125 24604 24604 V BoostFramework: mReleaseFunc method = public int com.qualcomm.qti.Performance.perfLockRelease()
11-19 10:18:10.125 24604 24604 V BoostFramework: mAcquireTouchFunc method = public int com.qualcomm.qti.Performance.perfLockAcquireTouch(android.view.MotionEvent,android.util.DisplayMetrics,int,int[])
11-19 10:18:10.126 24604 24604 V BoostFramework: mIOPStart method = public int com.qualcomm.qti.Performance.perfIOPrefetchStart(int,java.lang.String)
11-19 10:18:10.126 24604 24604 V BoostFramework: mIOPStop method = public int com.qualcomm.qti.Performance.perfIOPrefetchStop()
11-19 10:18:10.133 24604 24604 V BoostFramework: BoostFramework() : mPerf = com.qualcomm.qti.Performance@e3dc7ff
11-19 10:18:10.189  1497  1844 D InputDispatcher:   Pointer 0: id=0, toolType=1, x=155.675674, y=235.705368, action=0x1
11-19 10:18:10.197  1497  2619 I ActivityManager: START u0 {cmp=com.zzw.live/.RecodeActivity} from uid 10106 on display 0
11-19 10:18:10.197  1497  2619 I PackageManager:  checkUidPermission permName = android.permission.START_ANY_ACTIVITY ; uid = 10106
11-19 10:18:10.198  1497  2619 I ActivityManager: isRing ==false
11-19 10:18:10.199  1497  2619 I ActivityManager: in startActivityLocked---go on start there is not ringing incoming call or not HomeActivity. before abort==false
11-19 10:18:10.206  2011  2011 D PhoneStatusBar: hiding the MENU button
11-19 10:18:10.207  1497  2619 D ActivityTrigger: ActivityTrigger activityPauseTrigger 
11-19 10:18:10.208  1497  2619 D PowerManagerService: acquireWakeLockInternal: lock=19165590, flags=0x1, tag="*launch*", ws=WorkSource{10106}, uid=1000, pid=1497
11-19 10:18:10.211  2011  2011 D PhoneStatusBar: hiding the MENU button
11-19 10:18:10.244 24604 24604 V Activity: onPause com.zzw.live.MainActivity@4c1f0d getComponentName()=ComponentInfo{com.zzw.live/com.zzw.live.MainActivity}
11-19 10:18:10.277 24604 24604 V Activity: onCreate com.zzw.live.RecodeActivity@b0e51b: null
11-19 10:18:10.354  1497 17015 I PackageManager:  checkUidPermission permName = android.permission.REAL_GET_TASKS ; uid = 10035
11-19 10:18:10.355  1497  1973 I PackageManager:  checkUidPermission permName = android.permission.INTERACT_ACROSS_USERS ; uid = 10035
11-19 10:18:10.355  1497  1973 I PackageManager:  checkUidPermission permName = android.permission.MANAGE_USERS ; uid = 10035
11-19 10:18:10.356  1497  2769 I PackageManager:  checkUidPermission permName = android.permission.MANAGE_USERS ; uid = 10035
11-19 10:18:10.357  1497  2353 I PackageManager:  checkUidPermission permName = android.permission.INTERACT_ACROSS_USERS_FULL ; uid = 10035
11-19 10:18:10.357  1497  2353 I PackageManager:  checkUidPermission permName = android.permission.REAL_GET_TASKS ; uid = 10035
11-19 10:18:10.357  1497  2353 I PackageManager:  checkUidPermission permName = android.permission.GET_DETAILED_TASKS ; uid = 10035
11-19 10:18:10.357  1497  2353 I PackageManager:  checkUidPermission permName = android.permission.MANAGE_USERS ; uid = 10035
11-19 10:18:10.359  2011  2011 D SystemServicesProxy: whetherExcludeFromRecent  for com.zzw.live  false
11-19 10:18:10.359  2011  2011 D SystemServicesProxy: whetherExcludeFromRecent  for com.android.gallery3d  false
11-19 10:18:10.359  2011  2011 D SystemServicesProxy: whetherExcludeFromRecent  for com.android.settings  false
11-19 10:18:10.359  2011  2011 D SystemServicesProxy: whetherExcludeFromRecent  for com.live.greatness  false
11-19 10:18:10.359  2011  2011 D SystemServicesProxy: whetherExcludeFromRecent  for com.android.documentsui  false
11-19 10:18:10.359  2011  2011 D SystemServicesProxy: whetherExcludeFromRecent  for com.wy.mptt  false
11-19 10:18:10.359  2011  2011 D SystemServicesProxy: whetherExcludeFromRecent  for com.sigma_rt.totalcontrol  false
11-19 10:18:10.359  2011  2011 D SystemServicesProxy: whetherExcludeFromRecent  for com.miyi.ktuwr  false
11-19 10:18:10.359  2011  2011 D SystemServicesProxy: whetherExcludeFromRecent  for com.android.calendar  false
11-19 10:18:10.359  2011  2011 D SystemServicesProxy: whetherExcludeFromRecent  for com.great.sweetcamera  false
11-19 10:18:10.359  2011  2011 D SystemServicesProxy: whetherExcludeFromRecent  for com.hytalkpro.ocean  false
11-19 10:18:10.359  2011  2011 D SystemServicesProxy: whetherExcludeFromRecent  for com.hytera.contacts  false
11-19 10:18:10.359  2011  2011 D SystemServicesProxy: whetherExcludeFromRecent  for com.hytera.tips  false
11-19 10:18:10.359  2011  2011 D SystemServicesProxy: whetherExcludeFromRecent  for com.google.grafika  false
11-19 10:18:10.359  2011  2011 D SystemServicesProxy: whetherExcludeFromRecent  for com.hytera.appstore  false
11-19 10:18:10.359  2011  2011 D SystemServicesProxy: whetherExcludeFromRecent  for com.android.settings  false
11-19 10:18:10.359  2011  2011 D SystemServicesProxy: whetherExcludeFromRecent  for com.qualcomm.qti.sensors.qsensortest  false
11-19 10:18:10.359  2011  2011 D SystemServicesProxy: whetherExcludeFromRecent  for com.hytera.networkpriority  false
11-19 10:18:10.360  1497 21796 I PackageManager:  checkUidPermission permName = android.permission.INTERACT_ACROSS_USERS ; uid = 10035
11-19 10:18:10.360  1497 21796 I PackageManager:  checkUidPermission permName = android.permission.MANAGE_USERS ; uid = 10035
11-19 10:18:10.374  1497 19281 I PackageManager:  checkUidPermission permName = android.permission.WRITE_SECURE_SETTINGS ; uid = 10035
11-19 10:18:10.393 24604 24604 V Activity: onStart com.zzw.live.RecodeActivity@b0e51b
11-19 10:18:10.395 24604 24604 V Activity: onResume com.zzw.live.RecodeActivity@b0e51b
11-19 10:18:10.411  1497  2589 I PackageManager:  checkUidPermission permName = android.permission.STATUS_BAR ; uid = 10106
11-19 10:18:10.414  2011  2011 D PhoneStatusBar: hiding the MENU button
11-19 10:18:10.414  2011  2011 D PhoneStatusBar: hiding the MENU button
11-19 10:18:10.420  2011  2011 D PhoneStatusBar: hiding the MENU button
11-19 10:18:10.430  1497  2619 I PackageManager:  checkUidPermission permName = android.permission.STATUS_BAR ; uid = 10106
11-19 10:18:10.434  2011  2011 D PhoneStatusBar: hiding the MENU button
11-19 10:18:10.440  2011  2011 D PhoneStatusBar: hiding the MENU button
11-19 10:18:10.443  1497 27286 I PackageManager:  checkUidPermission permName = android.permission.STATUS_BAR ; uid = 10106
11-19 10:18:10.446  1497 21506 I PackageManager:  checkUidPermission permName = android.permission.STATUS_BAR ; uid = 10106
11-19 10:18:10.447  2011  2011 D PhoneStatusBar: hiding the MENU button
11-19 10:18:10.448  2011  2011 D PhoneStatusBar: hiding the MENU button
11-19 10:18:10.467  2011  2011 D PhoneStatusBar: hiding the MENU button
11-19 10:18:10.472  2011  2011 D PhoneStatusBar: hiding the MENU button
11-19 10:18:10.479  1497  1622 I ActivityManager: Displayed com.zzw.live/.RecodeActivity: +233ms (total +8m36s934ms)
11-19 10:18:10.482  2011  2011 D PhoneStatusBar: hiding the MENU button
11-19 10:18:10.487 24604 24631 D OpenGLRenderer: endAllActiveAnimators on 0x7f8c583000 (RippleDrawable) with handle 0x7f8c57adc0
11-19 10:18:10.489  1497  2203 I PackageManager:  checkUidPermission permName = android.permission.STATUS_BAR ; uid = 10106
11-19 10:18:10.490  2011  2011 D PhoneStatusBar: hiding the MENU button
11-19 10:18:10.496  1497  2038 V HyteraInterfaceService: sqlite camera status: true
11-19 10:18:10.498  7034  7107 I CameraService: CameraService::connect call (PID -1 "com.zzw.live", camera ID 0) for HAL version default and Camera API version 1
11-19 10:18:10.498  1497  1529 I PackageManager:  checkUidPermission permName = android.permission.CAMERA ; uid = 10106
11-19 10:18:10.508   796  1026 I FFmpegExtractor: android-source:0xec04d200
11-19 10:18:10.510   796  1026 I FFMPEG  : Input #0, ogg, from 'android-source:0xec04d200':
11-19 10:18:10.510   796  1026 I FFMPEG  :   Duration: N/A, bitrate: N/A
11-19 10:18:10.510   796  1026 I FFMPEG  :     Stream #0:0: Audio: vorbis, 48000 Hz, 1 channels, 48 kb/s
11-19 10:18:10.510   796  1026 I FFMPEG  :     Metadata:
11-19 10:18:10.510   796  1026 I FFMPEG  :       TITLE           : Camera Shutter
11-19 10:18:10.510   796  1026 I FFMPEG  :       ARTIST          : (c) 2012 Android Open Source Project
11-19 10:18:10.510   796  1026 D FFmpegExtractor: FFmpegExtrator, url: android-source:0xec04d200, format_name: ogg, format_long_name: Ogg
11-19 10:18:10.510   796  1026 I FFmpegExtractor: adjust mime(application/ogg -> audio/vorbis)
11-19 10:18:10.510   796  1026 D FFmpegExtractor: suppoted codec(vorbis) by official Stagefright
11-19 10:18:10.511   796  1026 D FFmpegExtractor: ffmpeg detected media content as 'audio/vorbis' with confidence 0.08
11-19 10:18:10.511   796  1026 D FFmpegExtractor: unsupported mime: application/ogg
11-19 10:18:10.511   796  1026 I ExtendedExtractor: QTIParser is prefered .. flags 2
11-19 10:18:10.512   796  1026 D MMParserExtractor: setExtraFlags called with flags 2 for paser instance edd0c1e0
11-19 10:18:10.512   796  1026 D MMParserExtractor: using bigger parser buffers
11-19 10:18:10.512   796  1026 I ExtendedExtractor: ExtendedExtractor::create 0xedd0c1e0
11-19 10:18:10.515   797 24648 D NuPlayerDriver: notifyListener_l(0xe704eea0), (1, 0, 0), loop setting(0, 0)
11-19 10:18:10.526   796  7411 I FFmpegExtractor: android-source:0xec04c800
11-19 10:18:10.528   796  7411 I FFMPEG  : Input #0, ogg, from 'android-source:0xec04c800':
11-19 10:18:10.528   796  7411 I FFMPEG  :   Duration: N/A, bitrate: N/A
11-19 10:18:10.528   796  7411 I FFMPEG  :     Stream #0:0: Audio: vorbis, 48000 Hz, 1 channels, 48 kb/s
11-19 10:18:10.528   796  7411 I FFMPEG  :     Metadata:
11-19 10:18:10.528   796  7411 I FFMPEG  :       TITLE           : Video Record
11-19 10:18:10.528   796  7411 I FFMPEG  :       ARTIST          : (c) 2012 Android Open Source Project
11-19 10:18:10.528   796  7411 D FFmpegExtractor: FFmpegExtrator, url: android-source:0xec04c800, format_name: ogg, format_long_name: Ogg
11-19 10:18:10.529   796  7411 I FFmpegExtractor: adjust mime(application/ogg -> audio/vorbis)
11-19 10:18:10.529   796  7411 D FFmpegExtractor: suppoted codec(vorbis) by official Stagefright
11-19 10:18:10.529   796  7411 D FFmpegExtractor: ffmpeg detected media content as 'audio/vorbis' with confidence 0.08
11-19 10:18:10.529   796  7411 D FFmpegExtractor: unsupported mime: application/ogg
11-19 10:18:10.529   796  7411 I ExtendedExtractor: QTIParser is prefered .. flags 2
11-19 10:18:10.530   796  7411 D MMParserExtractor: setExtraFlags called with flags 2 for paser instance edd0c780
11-19 10:18:10.530   796  7411 D MMParserExtractor: using bigger parser buffers
11-19 10:18:10.530   796  7411 I ExtendedExtractor: ExtendedExtractor::create 0xedd0c780
11-19 10:18:10.533   797 24650 D NuPlayerDriver: notifyListener_l(0xe704f0e0), (1, 0, 0), loop setting(0, 0)
11-19 10:18:10.546   796  1026 I FFmpegExtractor: android-source:0xec04dc00
11-19 10:18:10.550   796  1026 I FFMPEG  : Input #0, ogg, from 'android-source:0xec04dc00':
11-19 10:18:10.550   796  1026 I FFMPEG  :   Duration: N/A, bitrate: N/A
11-19 10:18:10.550   796  1026 I FFMPEG  :     Stream #0:0: Audio: vorbis, 44100 Hz, 1 channels, 48 kb/s
11-19 10:18:10.550   796  1026 I FFMPEG  :     Metadata:
11-19 10:18:10.550   796  1026 I FFMPEG  :       TITLE           : Video Stop
11-19 10:18:10.550   796  1026 I FFMPEG  :       ARTIST          : (c) 2012 Android Open Source Project
11-19 10:18:10.550   796  1026 D FFmpegExtractor: FFmpegExtrator, url: android-source:0xec04dc00, format_name: ogg, format_long_name: Ogg
11-19 10:18:10.550   796  1026 I FFmpegExtractor: adjust mime(application/ogg -> audio/vorbis)
11-19 10:18:10.550   796  1026 D FFmpegExtractor: suppoted codec(vorbis) by official Stagefright
11-19 10:18:10.550   796  1026 D FFmpegExtractor: ffmpeg detected media content as 'audio/vorbis' with confidence 0.08
11-19 10:18:10.551   796  1026 D FFmpegExtractor: unsupported mime: application/ogg
11-19 10:18:10.552   796  1026 I ExtendedExtractor: QTIParser is prefered .. flags 2
11-19 10:18:10.553   796  1026 D MMParserExtractor: setExtraFlags called with flags 2 for paser instance edd0c280
11-19 10:18:10.553   796  1026 D MMParserExtractor: using bigger parser buffers
11-19 10:18:10.553   796  1026 I ExtendedExtractor: ExtendedExtractor::create 0xedd0c280
11-19 10:18:10.557   797 24652 D NuPlayerDriver: notifyListener_l(0xe704ef60), (1, 0, 0), loop setting(0, 0)
11-19 10:18:10.558  7034  7107 I Camera2ClientBase: Camera 0: Opened. Client: com.zzw.live (PID 24604, UID 10106)
11-19 10:18:10.560  1497 19281 I PackageManager:  checkUidPermission permName = android.permission.UPDATE_APP_OPS_STATS ; uid = 1047
11-19 10:18:10.560  7034  7107 I CameraService: onTorchStatusChangedLocked: Torch status changed for cameraId=0, newStatus=0
11-19 10:18:10.561  2011  2228 D FlashlightTile: onFlashlightAvailabilityChangedfalse
11-19 10:18:10.561  2011  2228 D FlashlightTile: onFlashlightChanged enabled=false
11-19 10:18:10.561  2011  2228 D FlashlightTile: onFlashlightChanged enabled=false
11-19 10:18:10.561  2011  2228 D FlashlightTile: onFlashlightAvailabilityChangedfalse
11-19 10:18:10.561  2011  2228 D FlashlightTile: onFlashlightChanged enabled=false
11-19 10:18:10.561  2011  2228 D FlashlightTile: onFlashlightChanged enabled=false
11-19 10:18:10.561  2011  2236 D FlashlightTile: FlashlightTile state.visible=true mhideMode=0 mFlashlightController.isEnabled()=false
11-19 10:18:10.561  2011  2300 D FlashlightTile: FlashlightTile state.visible=true mhideMode=0 mFlashlightController.isEnabled()=false
11-19 10:18:10.561  2011  2236 D FlashlightTile: FlashlightTile state.visible=true mhideMode=0 mFlashlightController.isEnabled()=false
11-19 10:18:10.561  2011  2236 D FlashlightTile: FlashlightTile state.visible=true mhideMode=0 mFlashlightController.isEnabled()=false
11-19 10:18:10.562  7034  7107 I QCamera : <HAL><INFO> int qcamera::QCamera2Factory::cameraDeviceOpen(int, struct hw_device_t **): 405: Open camera id 0 API version 768
11-19 10:18:10.562  2011  2300 D FlashlightTile: FlashlightTile state.visible=true mhideMode=0 mFlashlightController.isEnabled()=false
11-19 10:18:10.562  2011  2300 D FlashlightTile: FlashlightTile state.visible=true mhideMode=0 mFlashlightController.isEnabled()=false
11-19 10:18:10.570   492  2455 E ANDR-PERF-MPCTL: Invalid profile no. 0, total profiles 0 only
11-19 10:18:10.572  7034  7107 I QCamera : <HAL><INFO> int qcamera::QCamera3HardwareInterface::openCamera(struct hw_device_t **): 713: [KPI Perf]: E PROFILE_OPEN_CAMERA camera id 0
11-19 10:18:10.572  7034  7107 I CameraService: onTorchStatusChangedLocked: Torch status changed for cameraId=0, newStatus=0
11-19 10:18:10.573   821   821 I mm-camera: < INFO> 395: void enable_memleak_trace(int): start memleak tracking.
11-19 10:18:10.581   821   821 I mm-camera: <MCT   >< INFO> 63: mct_controller_new: Creating new mct_controller with session-id 1
11-19 10:18:10.581   821 24655 I mm-camera: <MCT   >< INFO> 4555: mct_pipeline_start_session_thread: E sensor
11-19 10:18:10.582   821 24655 I mm-camera: <MCT   >< INFO> 4562: mct_pipeline_start_session_thread: Calling start_session on Module sensor
11-19 10:18:10.582   821 24657 I mm-camera: <MCT   >< INFO> 4555: mct_pipeline_start_session_thread: E iface
11-19 10:18:10.582   821 24657 I mm-camera: <MCT   >< INFO> 4562: mct_pipeline_start_session_thread: Calling start_session on Module iface
11-19 10:18:10.584   821 24657 I mm-camera: <MCT   >< INFO> 4565: mct_pipeline_start_session_thread: Module iface start_session rc = 1
11-19 10:18:10.584   821 24657 I mm-camera: <MCT   >< INFO> 4573: mct_pipeline_start_session_thread: started_num = 1, success = 1
11-19 10:18:10.584   821 24657 I mm-camera: <MCT   >< INFO> 4580: mct_pipeline_start_session_thread: X iface
11-19 10:18:10.584   821 24658 I mm-camera: <MCT   >< INFO> 4555: mct_pipeline_start_session_thread: E isp
11-19 10:18:10.584   821 24658 I mm-camera: <MCT   >< INFO> 4562: mct_pipeline_start_session_thread: Calling start_session on Module isp
11-19 10:18:10.585  2011  2011 D BatteryMeterDrawable: draw level=100 tracker.plugged=false
11-19 10:18:10.585  2011  2011 D BatteryMeterDrawable: [battery shape] mButtonFrame(24.0,4.2,26.2,12.12
11-19 10:18:10.585  2011  2011 D BatteryMeterDrawable: [battery shape] mFrame(0.20000005,0.20000005,23.88,16.12
11-19 10:18:10.585  2011  2011 D BatteryMeterDrawable: 111battery draw charging=true
11-19 10:18:10.585   821 24658 I mm-camera: <ISP   >< INFO> 205: isp_module_start_session: session id 1
11-19 10:18:10.587   821 24660 I mm-camera: <MCT   >< INFO> 4555: mct_pipeline_start_session_thread: E stats
11-19 10:18:10.587   821 24660 I mm-camera: <MCT   >< INFO> 4562: mct_pipeline_start_session_thread: Calling start_session on Module stats
11-19 10:18:10.591   821 24661 I mm-camera: <MCT   >< INFO> 4555: mct_pipeline_start_session_thread: E pproc
11-19 10:18:10.591   821 24661 I mm-camera: <MCT   >< INFO> 4562: mct_pipeline_start_session_thread: Calling start_session on Module pproc
11-19 10:18:10.592   821 24655 I mm-camera: <MCT   >< INFO> 4565: mct_pipeline_start_session_thread: Module sensor start_session rc = 1
11-19 10:18:10.594   821 24655 I mm-camera: <MCT   >< INFO> 4573: mct_pipeline_start_session_thread: started_num = 2, success = 2
11-19 10:18:10.594   821 24655 I mm-camera: <MCT   >< INFO> 4580: mct_pipeline_start_session_thread: X sensor
11-19 10:18:10.596   821 24662 I mm-camera: <MCT   >< INFO> 4555: mct_pipeline_start_session_thread: E imglib
11-19 10:18:10.596   821 24662 I mm-camera: <MCT   >< INFO> 4562: mct_pipeline_start_session_thread: Calling start_session on Module imglib
11-19 10:18:10.599   821 24662 I mm-camera: <MCT   >< INFO> 4565: mct_pipeline_start_session_thread: Module imglib start_session rc = 1
11-19 10:18:10.599   821 24662 I mm-camera: <MCT   >< INFO> 4573: mct_pipeline_start_session_thread: started_num = 3, success = 3
11-19 10:18:10.599   821 24662 I mm-camera: <MCT   >< INFO> 4580: mct_pipeline_start_session_thread: X imglib
11-19 10:18:10.606   821 24661 I mm-camera: <MCT   >< INFO> 4565: mct_pipeline_start_session_thread: Module pproc start_session rc = 1
11-19 10:18:10.606   821 24661 I mm-camera: <MCT   >< INFO> 4573: mct_pipeline_start_session_thread: started_num = 4, success = 4
11-19 10:18:10.606   821 24661 I mm-camera: <MCT   >< INFO> 4580: mct_pipeline_start_session_thread: X pproc
11-19 10:18:10.612   821 24658 I mm-camera: <MCT   >< INFO> 4565: mct_pipeline_start_session_thread: Module isp start_session rc = 1
11-19 10:18:10.612   821 24658 I mm-camera: <MCT   >< INFO> 4573: mct_pipeline_start_session_thread: started_num = 5, success = 5
11-19 10:18:10.612   821 24658 I mm-camera: <MCT   >< INFO> 4580: mct_pipeline_start_session_thread: X isp
11-19 10:18:10.619   821 24660 I mm-camera: <MCT   >< INFO> 4565: mct_pipeline_start_session_thread: Module stats start_session rc = 1
11-19 10:18:10.619   821 24660 I mm-camera: <MCT   >< INFO> 4573: mct_pipeline_start_session_thread: started_num = 6, success = 6
11-19 10:18:10.619   821 24660 I mm-camera: <MCT   >< INFO> 4580: mct_pipeline_start_session_thread: X stats
11-19 10:18:10.633   821   821 I mm-camera: <MCT   >< INFO> 4476: mct_pipeline_start_stream_internal: Adding session stream streamid= 0xf for session=1
11-19 10:18:10.633   821   821 I mm-camera: <MCT   >< INFO> 4524: mct_pipeline_start_stream_internal: Linking session stream for session 1
11-19 10:18:10.634   821   821 I mm-camera: <MCT   >< INFO> 510: mct_stream_start_link: Start linking Session-stream 0x1000f
11-19 10:18:10.634   821   821 I mm-camera: <ISP   >< INFO> 801: isp_port_check_caps_reserve: port 0xf17f9fc0 ide 1000f type 10 dim 0 0
11-19 10:18:10.634   821   821 I mm-camera: <PPROC >< INFO> 446: pproc_port_add_modules_to_stream: in identity 1000f stream 10 int_link = 0xf19f0780
11-19 10:18:10.634   821   821 I mm-camera: <PPROC >< INFO> 458: pproc_port_add_modules_to_stream: :LINK linking mods tmod and ppeiscore for identity 1000f
11-19 10:18:10.635   821   821 I mm-camera: <PPROC >< INFO> 458: pproc_port_add_modules_to_stream: :LINK linking mods ppeiscore and c2d for identity 1000f
11-19 10:18:10.636   821   821 I mm-camera: <C2D   >< INFO> 1490: c2d_module_notify_add_stream: width 0, height 0, stride 0, scanline 0, is_type 0
11-19 10:18:10.636   821   821 I mm-camera: <PPROC >< INFO> 458: pproc_port_add_modules_to_stream: :LINK linking mods c2d and cpp for identity 1000f
11-19 10:18:10.636   821   821 I mm-camera: <CPP   >< INFO> 2154: cpp_module_notify_add_stream: :width 0, height 0, stride 0, scanline 0, framelen 0
11-19 10:18:10.636   821   821 I mm-camera: <CPP   >< INFO> 2319: cpp_module_notify_add_stream: : stream 10, fmt 1, asf_mode 0, sharpness_level 0.000000,asf mask 0, denoise 0, denoise_mask 0, dsdn mask 0,dsdn enable 0, tnr mask 0, tnr enable 0, ds_mask 0
11-19 10:18:10.636   821   821 I mm-camera: <PPROC >< INFO> 458: pproc_port_add_modules_to_stream: :LINK linking mods cpp and paaf for identity 1000f
11-19 10:18:10.637   821   821 I mm-camera: <PPROC >< INFO> 458: pproc_port_add_modules_to_stream: :LINK linking mods paaf and llvd for identity 1000f
11-19 10:18:10.638   821   821 I mm-camera: <PPROC >< INFO> 458: pproc_port_add_modules_to_stream: :LINK linking mods llvd and ezt for identity 1000f
11-19 10:18:10.638   821   821 I mm-camera: <PPROC >< INFO> 458: pproc_port_add_modules_to_stream: :LINK linking mods ezt and quadracfa for identity 1000f
11-19 10:18:10.639   821   821 E mm-camera: <STATS ><ERROR> 2822: stats_port_check_caps_reserve: Invalid Port capability type!
11-19 10:18:10.639   821   821 E mm-camera: <STATS ><ERROR> 2822: stats_port_check_caps_reserve: Invalid Port capability type!
11-19 10:18:10.639   821   821 E mm-camera: <STATS ><ERROR> 2822: stats_port_check_caps_reserve: Invalid Port capability type!
11-19 10:18:10.639   821   821 E mm-camera: <STATS ><ERROR> 2822: stats_port_check_caps_reserve: Invalid Port capability type!
11-19 10:18:10.639   821   821 E mm-camera: <STATS ><ERROR> 2822: stats_port_check_caps_reserve: Invalid Port capability type!
11-19 10:18:10.641   821   821 I mm-camera: <MCT   >< INFO> 4533: mct_pipeline_start_stream_internal: Session stream linked successfully session 1
11-19 10:18:10.644   586  2791 I SDM     : ResourceImpl::SetMaxBandwidthMode: new bandwidth mode=1
11-19 10:18:10.645  7034  7107 I QCamera : <HAL><INFO> int qcamera::QCamera3HardwareInterface::openCamera(struct hw_device_t **): 723: [KPI Perf]: X PROFILE_OPEN_CAMERA camera id 0, rc: 0
11-19 10:18:10.645  7034  7107 I QCamera : <HAL><INFO> int qcamera::QCamera3HardwareInterface::initialize(const struct camera3_callback_ops *): 945: E :mCameraId = 0 mState = 1
11-19 10:18:10.647  7034  7107 I QCamera : <HAL><INFO> int qcamera::QCamera3HardwareInterface::initialize(const struct camera3_callback_ops *): 978: X
11-19 10:18:10.648  7034  7107 W Camera2-Parameters: initialize: Camera 0: Unknown preview format: 24
11-19 10:18:10.648  7034  7107 W Camera2-Parameters: initialize: Camera 0: Unknown preview format: 25
11-19 10:18:10.650  7034  7107 I Camera2-Parameters: Camera 0: Disabling ZSL mode
11-19 10:18:10.650  7034  7107 I Camera2-Parameters: initialize: allowZslMode: 0 slowJpegMode 1
11-19 10:18:10.657  1497  2204 I PackageManager:  checkUidPermission permName = android.permission.UPDATE_DEVICE_STATS ; uid = 1047
11-19 10:18:10.661 24604 24647 E CameraHelper: 照相尺寸  w:800  h:480  targetRatio:1.6666666666666667  minDiff:0.10000000149011612
11-19 10:18:10.661 24604 24647 E CameraHelper: 照相支持尺寸  width:1920  height:1080  targetRatio:1.6666666666666667  ratio:1.7777777777777777   diff:0.11111111111111094
11-19 10:18:10.661 24604 24647 E CameraHelper: 照相支持尺寸  width:1600  height:1200  targetRatio:1.6666666666666667  ratio:1.3333333333333333   diff:0.3333333333333335
11-19 10:18:10.661 24604 24647 E CameraHelper: 照相支持尺寸  width:1440  height:1080  targetRatio:1.6666666666666667  ratio:1.3333333333333333   diff:0.3333333333333335
11-19 10:18:10.661 24604 24647 E CameraHelper: 照相支持尺寸  width:1280  height:960  targetRatio:1.6666666666666667  ratio:1.3333333333333333   diff:0.3333333333333335
11-19 10:18:10.661 24604 24647 E CameraHelper: 照相支持尺寸  width:1280  height:768  targetRatio:1.6666666666666667  ratio:1.6666666666666667   diff:0.0
11-19 10:18:10.661 24604 24647 E CameraHelper: 照相支持尺寸  width:1280  height:720  targetRatio:1.6666666666666667  ratio:1.7777777777777777   diff:0.11111111111111094
11-19 10:18:10.661 24604 24647 E CameraHelper: 照相支持尺寸  width:1200  height:1200  targetRatio:1.6666666666666667  ratio:1.0   diff:0.6666666666666667
11-19 10:18:10.661 24604 24647 E CameraHelper: 照相支持尺寸  width:1024  height:768  targetRatio:1.6666666666666667  ratio:1.3333333333333333   diff:0.3333333333333335
11-19 10:18:10.661 24604 24647 E CameraHelper: 照相支持尺寸  width:800  height:600  targetRatio:1.6666666666666667  ratio:1.3333333333333333   diff:0.3333333333333335
11-19 10:18:10.662 24604 24647 E CameraHelper: 照相支持尺寸  width:864  height:480  targetRatio:1.6666666666666667  ratio:1.8   diff:0.1333333333333333
11-19 10:18:10.662 24604 24647 E CameraHelper: 照相支持尺寸  width:800  height:480  targetRatio:1.6666666666666667  ratio:1.6666666666666667   diff:0.0
11-19 10:18:10.662 24604 24647 E CameraHelper: 照相支持尺寸  width:720  height:480  targetRatio:1.6666666666666667  ratio:1.5   diff:0.16666666666666674
11-19 10:18:10.662 24604 24647 E CameraHelper: 照相支持尺寸  width:640  height:480  targetRatio:1.6666666666666667  ratio:1.3333333333333333   diff:0.3333333333333335
11-19 10:18:10.662 24604 24647 E CameraHelper: 照相支持尺寸  width:640  height:360  targetRatio:1.6666666666666667  ratio:1.7777777777777777   diff:0.11111111111111094
11-19 10:18:10.662 24604 24647 E CameraHelper: 照相支持尺寸  width:480  height:640  targetRatio:1.6666666666666667  ratio:0.75   diff:0.9166666666666667
11-19 10:18:10.662 24604 24647 E CameraHelper: 照相支持尺寸  width:480  height:360  targetRatio:1.6666666666666667  ratio:1.3333333333333333   diff:0.3333333333333335
11-19 10:18:10.662 24604 24647 E CameraHelper: 照相支持尺寸  width:480  height:320  targetRatio:1.6666666666666667  ratio:1.5   diff:0.16666666666666674
11-19 10:18:10.662 24604 24647 E CameraHelper: 照相支持尺寸  width:352  height:288  targetRatio:1.6666666666666667  ratio:1.2222222222222223   diff:0.4444444444444444
11-19 10:18:10.662 24604 24647 E CameraHelper: 照相支持尺寸  width:320  height:240  targetRatio:1.6666666666666667  ratio:1.3333333333333333   diff:0.3333333333333335
11-19 10:18:10.662 24604 24647 E CameraHelper: 照相支持尺寸  width:240  height:320  targetRatio:1.6666666666666667  ratio:0.75   diff:0.9166666666666667
11-19 10:18:10.662 24604 24647 E CameraHelper: 照相支持尺寸  width:176  height:144  targetRatio:1.6666666666666667  ratio:1.2222222222222223   diff:0.4444444444444444
11-19 10:18:10.662 24604 24647 E CameraHelper: 照相支持尺寸  width:160  height:120  targetRatio:1.6666666666666667  ratio:1.3333333333333333   diff:0.3333333333333335
11-19 10:18:10.662 24604 24647 E CameraHelper: 照相支持尺寸  width:144  height:176  targetRatio:1.6666666666666667  ratio:0.8181818181818182   diff:0.8484848484848485
11-19 10:18:10.662 24604 24647 E CameraHelper: 照相best尺寸  1280  768
11-19 10:18:10.663 24604 24647 E CameraHelper: 照相尺寸  w:800  h:480  targetRatio:1.6666666666666667  minDiff:0.10000000149011612
11-19 10:18:10.663 24604 24647 E CameraHelper: 照相支持尺寸  width:4160  height:3120  targetRatio:1.6666666666666667  ratio:1.3333333333333333   diff:0.3333333333333335
11-19 10:18:10.663 24604 24647 E CameraHelper: 照相支持尺寸  width:4000  height:3000  targetRatio:1.6666666666666667  ratio:1.3333333333333333   diff:0.3333333333333335
11-19 10:18:10.663 24604 24647 E CameraHelper: 照相支持尺寸  width:3840  height:2160  targetRatio:1.6666666666666667  ratio:1.7777777777777777   diff:0.11111111111111094
11-19 10:18:10.663 24604 24647 E CameraHelper: 照相支持尺寸  width:3264  height:2448  targetRatio:1.6666666666666667  ratio:1.3333333333333333   diff:0.3333333333333335
11-19 10:18:10.663 24604 24647 E CameraHelper: 照相支持尺寸  width:3200  height:2400  targetRatio:1.6666666666666667  ratio:1.3333333333333333   diff:0.3333333333333335
11-19 10:18:10.663 24604 24647 E CameraHelper: 照相支持尺寸  width:2976  height:2976  targetRatio:1.6666666666666667  ratio:1.0   diff:0.6666666666666667
11-19 10:18:10.664 24604 24647 E CameraHelper: 照相支持尺寸  width:2592  height:1944  targetRatio:1.6666666666666667  ratio:1.3333333333333333   diff:0.3333333333333335
11-19 10:18:10.664 24604 24647 E CameraHelper: 照相支持尺寸  width:2688  height:1512  targetRatio:1.6666666666666667  ratio:1.7777777777777777   diff:0.11111111111111094
11-19 10:18:10.664 24604 24647 E CameraHelper: 照相支持尺寸  width:2048  height:1536  targetRatio:1.6666666666666667  ratio:1.3333333333333333   diff:0.3333333333333335
11-19 10:18:10.664 24604 24647 E CameraHelper: 照相支持尺寸  width:1920  height:1080  targetRatio:1.6666666666666667  ratio:1.7777777777777777   diff:0.11111111111111094
11-19 10:18:10.664 24604 24647 E CameraHelper: 照相支持尺寸  width:1600  height:1200  targetRatio:1.6666666666666667  ratio:1.3333333333333333   diff:0.3333333333333335
11-19 10:18:10.664 24604 24647 E CameraHelper: 照相支持尺寸  width:1440  height:1080  targetRatio:1.6666666666666667  ratio:1.3333333333333333   diff:0.3333333333333335
11-19 10:18:10.664 24604 24647 E CameraHelper: 照相支持尺寸  width:1280  height:960  targetRatio:1.6666666666666667  ratio:1.3333333333333333   diff:0.3333333333333335
11-19 10:18:10.664 24604 24647 E CameraHelper: 照相支持尺寸  width:1280  height:768  targetRatio:1.6666666666666667  ratio:1.6666666666666667   diff:0.0
11-19 10:18:10.664 24604 24647 E CameraHelper: 照相支持尺寸  width:1280  height:720  targetRatio:1.6666666666666667  ratio:1.7777777777777777   diff:0.11111111111111094
11-19 10:18:10.664 24604 24647 E CameraHelper: 照相支持尺寸  width:1200  height:1200  targetRatio:1.6666666666666667  ratio:1.0   diff:0.6666666666666667
11-19 10:18:10.665 24604 24647 E CameraHelper: 照相支持尺寸  width:1024  height:768  targetRatio:1.6666666666666667  ratio:1.3333333333333333   diff:0.3333333333333335
11-19 10:18:10.665 24604 24647 E CameraHelper: 照相支持尺寸  width:800  height:600  targetRatio:1.6666666666666667  ratio:1.3333333333333333   diff:0.3333333333333335
11-19 10:18:10.665 24604 24647 E CameraHelper: 照相支持尺寸  width:864  height:480  targetRatio:1.6666666666666667  ratio:1.8   diff:0.1333333333333333
11-19 10:18:10.665 24604 24647 E CameraHelper: 照相支持尺寸  width:800  height:480  targetRatio:1.6666666666666667  ratio:1.6666666666666667   diff:0.0
11-19 10:18:10.665 24604 24647 E CameraHelper: 照相支持尺寸  width:720  height:480  targetRatio:1.6666666666666667  ratio:1.5   diff:0.16666666666666674
11-19 10:18:10.665 24604 24647 E CameraHelper: 照相支持尺寸  width:640  height:480  targetRatio:1.6666666666666667  ratio:1.3333333333333333   diff:0.3333333333333335
11-19 10:18:10.665 24604 24647 E CameraHelper: 照相支持尺寸  width:640  height:360  targetRatio:1.6666666666666667  ratio:1.7777777777777777   diff:0.11111111111111094
11-19 10:18:10.665 24604 24647 E CameraHelper: 照相支持尺寸  width:480  height:640  targetRatio:1.6666666666666667  ratio:0.75   diff:0.9166666666666667
11-19 10:18:10.665 24604 24647 E CameraHelper: 照相支持尺寸  width:480  height:360  targetRatio:1.6666666666666667  ratio:1.3333333333333333   diff:0.3333333333333335
11-19 10:18:10.665 24604 24647 E CameraHelper: 照相支持尺寸  width:480  height:320  targetRatio:1.6666666666666667  ratio:1.5   diff:0.16666666666666674
11-19 10:18:10.665 24604 24647 E CameraHelper: 照相支持尺寸  width:352  height:288  targetRatio:1.6666666666666667  ratio:1.2222222222222223   diff:0.4444444444444444
11-19 10:18:10.666 24604 24647 E CameraHelper: 照相支持尺寸  width:320  height:240  targetRatio:1.6666666666666667  ratio:1.3333333333333333   diff:0.3333333333333335
11-19 10:18:10.666 24604 24647 E CameraHelper: 照相支持尺寸  width:240  height:320  targetRatio:1.6666666666666667  ratio:0.75   diff:0.9166666666666667
11-19 10:18:10.666 24604 24647 E CameraHelper: 照相支持尺寸  width:176  height:144  targetRatio:1.6666666666666667  ratio:1.2222222222222223   diff:0.4444444444444444
11-19 10:18:10.666 24604 24647 E CameraHelper: 照相支持尺寸  width:160  height:120  targetRatio:1.6666666666666667  ratio:1.3333333333333333   diff:0.3333333333333335
11-19 10:18:10.666 24604 24647 E CameraHelper: 照相支持尺寸  width:144  height:176  targetRatio:1.6666666666666667  ratio:0.8181818181818182   diff:0.8484848484848485
11-19 10:18:10.666 24604 24647 E CameraHelper: 照相best尺寸  1280  768
11-19 10:18:10.667  7034  7108 E Camera2-Metadata: Mismatched tag type when updating entry enable (-2146762752) of type byte; got type int32 data instead 
11-19 10:18:10.668  7034  7108 E Camera2-Metadata: Mismatched tag type when updating entry is_main (-2146762751) of type byte; got type int32 data instead 
11-19 10:18:10.668  7034  7108 E Camera2-Metadata: Mismatched tag type when updating entry enable (-2146762752) of type byte; got type int32 data instead 
11-19 10:18:10.668  7034  7108 E Camera2-Metadata: Mismatched tag type when updating entry is_main (-2146762751) of type byte; got type int32 data instead 
11-19 10:18:10.669   492  2455 E ANDR-PERF-MPCTL: Invalid profile no. 0, total profiles 0 only
11-19 10:18:10.669  7034  7107 E QCamera : <MCI><ERROR> mm_channel_fsm_fn_stopped: 893: invalid state (1) for evt (6)
11-19 10:18:10.669  7034  7107 I QCamera : <HAL><INFO> int qcamera::QCamera3HardwareInterface::configureStreamsPerfLocked(camera3_stream_configuration_t *): 1575: stream[0] type = 0, format = 34, width = 1280, height = 768, rotation = 0, usage = 0x100
11-19 10:18:10.670   821 24676 I mm-camera: <MCT   >< INFO> 3674: mct_pipeline_process_set: command=800000a
11-19 10:18:10.672   821 24676 I mm-camera: <MCT   >< INFO> 3674: mct_pipeline_process_set: command=8000018
11-19 10:18:10.672   821 24676 I mm-camera: <MCT   >< INFO> 593: mct_stream_start_link: Link Metadata stream 0x10001: do nothing
11-19 10:18:10.672   821 24676 I mm-camera: <MCT   >< INFO> 3772: mct_pipeline_process_set: Linking successful for stream 0x10001 stream type=7
11-19 10:18:10.672   821 24676 I mm-camera: <MCT   >< INFO> 3674: mct_pipeline_process_set: command=8000004
11-19 10:18:10.676  7034  7107 D Camera3-Device: Set real time priority for request queue thread (tid 24683)
11-19 10:18:10.680   492  2455 E ANDR-PERF-MPCTL: Invalid profile no. 0, total profiles 0 only
11-19 10:18:10.680  7034 24683 I QCamera : <HAL><INFO> int qcamera::QCamera3HardwareInterface::processCaptureRequest(camera3_capture_request_t *, List<InternalRequest> &): 4178: STREAM INFO : type 1, wxh: 1280 x 768, pp_mask: 0x100068e Format:0 is_type: 0
11-19 10:18:10.680  7034 24683 I QCamera : <HAL><INFO> int qcamera::QCamera3HardwareInterface::processCaptureRequest(camera3_capture_request_t *, List<InternalRequest> &): 4178: STREAM INFO : type 11, wxh: 640 x 480, pp_mask: 0x100068e Format:0 is_type: 0
11-19 10:18:10.681   821 24676 I mm-camera: <C2D   >< INFO> 1755: c2d_module_handle_set_parm_event: META_STREAM_INFO type = 1 w x h : 1280 x 768 pp_mask = 0x100068e
11-19 10:18:10.681   821 24676 I mm-camera: <C2D   >< INFO> 1755: c2d_module_handle_set_parm_event: META_STREAM_INFO type = 11 w x h : 640 x 480 pp_mask = 0x100068e
11-19 10:18:10.682   821 24676 I mm-camera: <ISP   >< INFO> 6626: isp_util_print_meta_stream_info: Stream type 1 Resolution: 1280x768 pp_mask: 0x100068e
11-19 10:18:10.682   821 24676 I mm-camera: <ISP   >< INFO> 6626: isp_util_print_meta_stream_info: Stream type 11 Resolution: 640x480 pp_mask: 0x100068e
11-19 10:18:10.683   821 24676 I mm-camera: <ISP   >< INFO> 2537: isp_resource_allocate: INFO: ISP resource acquired: session 1 num_isp 1
11-19 10:18:10.683   821 24676 I mm-camera: <ISP   >< INFO> 2539: isp_resource_allocate: INFO: ISP resource acquired: hw_id 1
11-19 10:18:10.683   821 24676 I mm-camera: <ISP   >< INFO> 6479: isp_util_decide_stream_mapping: stream_port_map num streams 2
11-19 10:18:10.683   821 24676 I mm-camera: <ISP   >< INFO> 6493: isp_util_decide_stream_mapping: INFO: type -173367034 resolution 1x1280 hw_stream 768 need_native_buff 0 controllable_output 1 shared_output 0
11-19 10:18:10.683   821 24676 I mm-camera: <ISP   >< INFO> 6493: isp_util_decide_stream_mapping: INFO: type -173367034 resolution 11x640 hw_stream 480 need_native_buff 0 controllable_output 1 shared_output 0
11-19 10:18:10.687  2011  2011 D PhoneStatusBar: hiding the MENU button
11-19 10:18:10.689   821 24676 E mm-camera: <ISP   ><ERROR> 282: isp_port_process_downstream_module_event: failed: iface_request_stream_mapping_info
11-19 10:18:10.689   821 24676 E mm-camera: <ISP   ><ERROR> 395: isp_port_process_downstream_event: failed: isp_port_process_downstream_module_event
